06-25 05:12:55.270 13246 13273 I TestRunner: started: vertical_list_button_is_displayed(com.example.dogglers.ButtonTests)
06-25 05:12:55.275 13246 13273 W Settings: Setting always_finish_activities has moved from android.provider.Settings.System to android.provider.Settings.Global, returning read-only value.
06-25 05:12:55.292   943  1311 D SplashScreenView: Build android.window.SplashScreenView{db5f178 V.E...... ......ID 0,0-0,0}
06-25 05:12:55.292   943  1311 D SplashScreenView: Icon: view: null drawable: null size: 0
06-25 05:12:55.292   943  1311 D SplashScreenView: Branding: view: android.view.View{da9051 G.ED..... ......I. 0,0-0,0 #10204db android:id/splashscreen_branding_view} drawable: null size w: 0 h: 0
06-25 05:12:55.312 13246 13246 D LifecycleMonitor: Lifecycle status change: androidx.test.core.app.InstrumentationActivityInvoker$BootstrapActivity@ed6b69 in: PRE_ON_CREATE
06-25 05:12:55.313   417   575 W TransactionTracing: Could not find layer id -1
06-25 05:12:55.314   417   575 W TransactionTracing: Could not find layer id -1
06-25 05:12:55.317 13246 13246 V ActivityScenario: Activity lifecycle changed event received but ignored because the intent does not match. startActivityIntent=Intent { act=android.intent.action.MAIN cat=[android.intent.category.LAUNCHER] cmp=com.example.dogglers/.MainActivity }, activity.getIntent()=Intent { act=android.intent.action.MAIN cat=[android.intent.category.LAUNCHER] flg=0x10008000 cmp=com.example.dogglers/androidx.test.core.app.InstrumentationActivityInvoker$BootstrapActivity (has extras) }, activity=androidx.test.core.app.InstrumentationActivityInvoker$BootstrapActivity@ed6b69
06-25 05:12:55.323 13246 13246 D LifecycleMonitor: Lifecycle status change: androidx.test.core.app.InstrumentationActivityInvoker$BootstrapActivity@ed6b69 in: CREATED
06-25 05:12:55.323 13246 13246 V ActivityScenario: Activity lifecycle changed event received but ignored because the intent does not match. startActivityIntent=Intent { act=android.intent.action.MAIN cat=[android.intent.category.LAUNCHER] cmp=com.example.dogglers/.MainActivity }, activity.getIntent()=Intent { act=android.intent.action.MAIN cat=[android.intent.category.LAUNCHER] flg=0x10008000 cmp=com.example.dogglers/androidx.test.core.app.InstrumentationActivityInvoker$BootstrapActivity (has extras) }, activity=androidx.test.core.app.InstrumentationActivityInvoker$BootstrapActivity@ed6b69
06-25 05:12:55.324 13246 13246 D LifecycleMonitor: Lifecycle status change: androidx.test.core.app.InstrumentationActivityInvoker$BootstrapActivity@ed6b69 in: STARTED
06-25 05:12:55.325 13246 13246 V ActivityScenario: Activity lifecycle changed event received but ignored because the intent does not match. startActivityIntent=Intent { act=android.intent.action.MAIN cat=[android.intent.category.LAUNCHER] cmp=com.example.dogglers/.MainActivity }, activity.getIntent()=Intent { act=android.intent.action.MAIN cat=[android.intent.category.LAUNCHER] flg=0x10008000 cmp=com.example.dogglers/androidx.test.core.app.InstrumentationActivityInvoker$BootstrapActivity (has extras) }, activity=androidx.test.core.app.InstrumentationActivityInvoker$BootstrapActivity@ed6b69
06-25 05:12:55.325   943  1326 W Parcel  : Expecting binder but got null!
06-25 05:12:55.334 13246 13246 D LifecycleMonitor: Lifecycle status change: androidx.test.core.app.InstrumentationActivityInvoker$BootstrapActivity@ed6b69 in: RESUMED
06-25 05:12:55.335 13246 13246 V ActivityScenario: Activity lifecycle changed event received but ignored because the intent does not match. startActivityIntent=Intent { act=android.intent.action.MAIN cat=[android.intent.category.LAUNCHER] cmp=com.example.dogglers/.MainActivity }, activity.getIntent()=Intent { act=android.intent.action.MAIN cat=[android.intent.category.LAUNCHER] flg=0x10008000 cmp=com.example.dogglers/androidx.test.core.app.InstrumentationActivityInvoker$BootstrapActivity (has extras) }, activity=androidx.test.core.app.InstrumentationActivityInvoker$BootstrapActivity@ed6b69
06-25 05:12:55.338 13246 13246 D LifecycleMonitor: Lifecycle status change: androidx.test.core.app.InstrumentationActivityInvoker$BootstrapActivity@ed6b69 in: PAUSED
06-25 05:12:55.339 13246 13246 V ActivityScenario: Activity lifecycle changed event received but ignored because the intent does not match. startActivityIntent=Intent { act=android.intent.action.MAIN cat=[android.intent.category.LAUNCHER] cmp=com.example.dogglers/.MainActivity }, activity.getIntent()=Intent { act=android.intent.action.MAIN cat=[android.intent.category.LAUNCHER] flg=0x10008000 cmp=com.example.dogglers/androidx.test.core.app.InstrumentationActivityInvoker$BootstrapActivity (has extras) }, activity=androidx.test.core.app.InstrumentationActivityInvoker$BootstrapActivity@ed6b69
06-25 05:12:55.356 13246 13246 D LifecycleMonitor: Lifecycle status change: com.example.dogglers.MainActivity@3d58087 in: PRE_ON_CREATE
06-25 05:12:55.358 13246 13246 V ActivityScenario: Activity lifecycle changed event received but ignored because the reported transition was not ON_CREATE while the last known transition was PRE_ON_CREATE
06-25 05:12:55.377 13246 13246 D LifecycleMonitor: Lifecycle status change: com.example.dogglers.MainActivity@3d58087 in: CREATED
06-25 05:12:55.378 13246 13246 V ActivityScenario: Update currentActivityStage to CREATED, currentActivity=com.example.dogglers.MainActivity@3d58087
06-25 05:12:55.380 13246 13246 D LifecycleMonitor: Lifecycle status change: com.example.dogglers.MainActivity@3d58087 in: STARTED
06-25 05:12:55.381 13246 13246 V ActivityScenario: Update currentActivityStage to STARTED, currentActivity=com.example.dogglers.MainActivity@3d58087
06-25 05:12:55.384 13246 13246 D LifecycleMonitor: Lifecycle status change: com.example.dogglers.MainActivity@3d58087 in: RESUMED
06-25 05:12:55.385 13246 13246 V ActivityScenario: Update currentActivityStage to RESUMED, currentActivity=com.example.dogglers.MainActivity@3d58087
06-25 05:12:55.404  2617  2617 I GsaVoiceInteractionSrv: Handling ACTION_STOP_HOTWORD
06-25 05:12:55.408  2617  3666 E HwDetectorWithState: a: 3
06-25 05:12:55.430   417   575 W TransactionTracing: Could not find layer handle 0x7d4c9af279d0
06-25 05:12:55.430   417   575 W TransactionTracing: Could not find layer handle 0x7d4c9af25b10
06-25 05:12:55.437 13246 13276 W Parcel  : Expecting binder but got null!
06-25 05:12:55.444   687   726 W ziparchive: Unable to open '/data/app/~~s1DyhpIMl2M8Tzq-XO1Nwg==/com.example.dogglers-JSBucVTvcMG97SpM-iy7Vg==/base.dm': No such file or directory
06-25 05:12:55.445 13246 13246 D RootViewPicker: Root not ready - waiting: 10ms for one to appear.
06-25 05:12:55.447   417   575 W TransactionTracing: Could not find layer id -1
06-25 05:12:55.447   417   575 W TransactionTracing: Could not find layer id -1
06-25 05:12:55.453   687   726 I ActivityTaskManager: Displayed com.example.dogglers/.MainActivity: +160ms
06-25 05:12:55.459  3086  3086 I GoogleInputMethodService: GoogleInputMethodService.onFinishInput():3220
06-25 05:12:55.460  3086  3086 I GoogleInputMethodService: GoogleInputMethodService.updateDeviceLockedStatus():2114 repeatCheckTimes = 0, unlocked = true
06-25 05:12:55.460  3086  3086 I GoogleInputMethodService: GoogleInputMethodService.onStartInput():1919 onStartInput(EditorInfo{inputType=0x0(NULL) imeOptions=0x0 privateImeOptions=null actionName=UNSPECIFIED actionLabel=null actionId=0 initialSelStart=-1 initialSelEnd=-1 initialCapsMode=0x0 hintText=null label=null packageName=com.example.dogglers fieldId=-1 fieldName=null extras=null}, false)
06-25 05:12:55.462  3086  3086 I GoogleInputMethodService: GoogleInputMethodService.updateDeviceLockedStatus():2114 repeatCheckTimes = 2, unlocked = true
06-25 05:12:55.480   417   575 W TransactionTracing: Could not find layer handle 0x7d4c9af26ad0
06-25 05:12:55.481   417   575 W TransactionTracing: Could not find layer id -1
06-25 05:12:55.491 13246 13246 I ViewInteraction: Checking 'MatchesViewAssertion{viewMatcher=(view has effective visibility <VISIBLE> and view.getGlobalVisibleRect() to return non-empty rectangle)}' assertion on view view.getId() is <2131231204/com.example.dogglers:id/vertical_btn>
06-25 05:12:55.498   417   575 W TransactionTracing: Could not find layer handle 0x7d4c9af27d90
06-25 05:12:55.510 13246 13246 D LifecycleMonitor: Lifecycle status change: com.example.dogglers.MainActivity@3d58087 in: PAUSED
06-25 05:12:55.510 13246 13246 V ActivityScenario: Update currentActivityStage to PAUSED, currentActivity=com.example.dogglers.MainActivity@3d58087
06-25 05:12:55.523 13246 13246 D LifecycleMonitor: Lifecycle status change: androidx.test.core.app.InstrumentationActivityInvoker$EmptyActivity@84fd1c3 in: PRE_ON_CREATE
06-25 05:12:55.523 13246 13246 V ActivityScenario: Activity lifecycle changed event received but ignored because the intent does not match. startActivityIntent=Intent { act=android.intent.action.MAIN cat=[android.intent.category.LAUNCHER] cmp=com.example.dogglers/.MainActivity }, activity.getIntent()=Intent { act=android.intent.action.MAIN cat=[android.intent.category.LAUNCHER] flg=0x10000000 cmp=com.example.dogglers/androidx.test.core.app.InstrumentationActivityInvoker$EmptyActivity }, activity=androidx.test.core.app.InstrumentationActivityInvoker$EmptyActivity@84fd1c3
06-25 05:12:55.527 13246 13246 D LifecycleMonitor: Lifecycle status change: androidx.test.core.app.InstrumentationActivityInvoker$EmptyActivity@84fd1c3 in: CREATED
06-25 05:12:55.527 13246 13246 V ActivityScenario: Activity lifecycle changed event received but ignored because the intent does not match. startActivityIntent=Intent { act=android.intent.action.MAIN cat=[android.intent.category.LAUNCHER] cmp=com.example.dogglers/.MainActivity }, activity.getIntent()=Intent { act=android.intent.action.MAIN cat=[android.intent.category.LAUNCHER] flg=0x10000000 cmp=com.example.dogglers/androidx.test.core.app.InstrumentationActivityInvoker$EmptyActivity }, activity=androidx.test.core.app.InstrumentationActivityInvoker$EmptyActivity@84fd1c3
06-25 05:12:55.528 13246 13246 D LifecycleMonitor: Lifecycle status change: androidx.test.core.app.InstrumentationActivityInvoker$EmptyActivity@84fd1c3 in: STARTED
06-25 05:12:55.529 13246 13246 V ActivityScenario: Activity lifecycle changed event received but ignored because the intent does not match. startActivityIntent=Intent { act=android.intent.action.MAIN cat=[android.intent.category.LAUNCHER] cmp=com.example.dogglers/.MainActivity }, activity.getIntent()=Intent { act=android.intent.action.MAIN cat=[android.intent.category.LAUNCHER] flg=0x10000000 cmp=com.example.dogglers/androidx.test.core.app.InstrumentationActivityInvoker$EmptyActivity }, activity=androidx.test.core.app.InstrumentationActivityInvoker$EmptyActivity@84fd1c3
06-25 05:12:55.536 13246 13246 D LifecycleMonitor: Lifecycle status change: androidx.test.core.app.InstrumentationActivityInvoker$EmptyActivity@84fd1c3 in: RESUMED
06-25 05:12:55.537 13246 13246 V ActivityScenario: Activity lifecycle changed event received but ignored because the intent does not match. startActivityIntent=Intent { act=android.intent.action.MAIN cat=[android.intent.category.LAUNCHER] cmp=com.example.dogglers/.MainActivity }, activity.getIntent()=Intent { act=android.intent.action.MAIN cat=[android.intent.category.LAUNCHER] flg=0x10000000 cmp=com.example.dogglers/androidx.test.core.app.InstrumentationActivityInvoker$EmptyActivity }, activity=androidx.test.core.app.InstrumentationActivityInvoker$EmptyActivity@84fd1c3
06-25 05:12:55.564   417   575 W TransactionTracing: Could not find layer id -1
06-25 05:12:55.565   417   575 W TransactionTracing: Could not find layer id -1
06-25 05:12:55.565   417   575 W TransactionTracing: Could not find layer id -1
06-25 05:12:55.565   417   575 W TransactionTracing: Could not find layer id -1
06-25 05:12:55.581   417   575 W TransactionTracing: Could not find layer id -1
06-25 05:12:55.582   417   575 W TransactionTracing: Could not find layer id -1
06-25 05:12:55.590 13246 13276 W Parcel  : Expecting binder but got null!
06-25 05:12:55.597   687   726 I ActivityTaskManager: Displayed com.example.dogglers/androidx.test.core.app.InstrumentationActivityInvoker$EmptyActivity: +99ms
06-25 05:12:55.625  3086  3086 I GoogleInputMethodService: GoogleInputMethodService.onFinishInput():3220
06-25 05:12:55.627  3086  3086 I GoogleInputMethodService: GoogleInputMethodService.updateDeviceLockedStatus():2114 repeatCheckTimes = 0, unlocked = true
06-25 05:12:55.627  3086  3086 I GoogleInputMethodService: GoogleInputMethodService.onStartInput():1919 onStartInput(EditorInfo{inputType=0x0(NULL) imeOptions=0x0 privateImeOptions=null actionName=UNSPECIFIED actionLabel=null actionId=0 initialSelStart=-1 initialSelEnd=-1 initialCapsMode=0x0 hintText=null label=null packageName=com.example.dogglers fieldId=-1 fieldName=null extras=null}, false)
06-25 05:12:55.629  3086  3086 I GoogleInputMethodService: GoogleInputMethodService.updateDeviceLockedStatus():2114 repeatCheckTimes = 2, unlocked = true
06-25 05:12:55.630   417   575 W TransactionTracing: Could not find layer id -1
06-25 05:12:55.632   417   575 W TransactionTracing: Could not find layer id -1
06-25 05:12:55.656   687   730 W InputManager-JNI: Input channel object 'aa4fa86 Splash Screen com.example.dogglers (client)' was disposed without first being removed with the input manager!
06-25 05:12:55.659 13246 13246 D LifecycleMonitor: Lifecycle status change: androidx.test.core.app.InstrumentationActivityInvoker$EmptyActivity@84fd1c3 in: PAUSED
06-25 05:12:55.660 13246 13246 V ActivityScenario: Activity lifecycle changed event received but ignored because the intent does not match. startActivityIntent=Intent { act=android.intent.action.MAIN cat=[android.intent.category.LAUNCHER] cmp=com.example.dogglers/.MainActivity }, activity.getIntent()=Intent { act=android.intent.action.MAIN cat=[android.intent.category.LAUNCHER] flg=0x10000000 cmp=com.example.dogglers/androidx.test.core.app.InstrumentationActivityInvoker$EmptyActivity }, activity=androidx.test.core.app.InstrumentationActivityInvoker$EmptyActivity@84fd1c3
06-25 05:12:55.665   417   575 W TransactionTracing: Could not find layer handle 0x7d4c9af28930
06-25 05:12:55.665   417   575 W TransactionTracing: Could not find layer handle 0x7d4c9af229f0
06-25 05:12:55.665   417   575 W TransactionTracing: Could not find layer handle 0x7d4c9af28bd0
06-25 05:12:55.665   417   575 W TransactionTracing: Could not find layer handle 0x7d4c9af28bd0
06-25 05:12:55.665   417   575 W TransactionTracing: Could not find layer handle 0x7d4c9af28930
06-25 05:12:55.681   417   575 W TransactionTracing: Could not find layer id -1
06-25 05:12:55.687 13246 13246 D LifecycleMonitor: Lifecycle status change: androidx.test.core.app.InstrumentationActivityInvoker$EmptyActivity@1501322 in: PRE_ON_CREATE
06-25 05:12:55.687 13246 13246 V ActivityScenario: Activity lifecycle changed event received but ignored because the intent does not match. startActivityIntent=Intent { act=android.intent.action.MAIN cat=[android.intent.category.LAUNCHER] cmp=com.example.dogglers/.MainActivity }, activity.getIntent()=Intent { act=android.intent.action.MAIN cat=[android.intent.category.LAUNCHER] flg=0x10000000 cmp=com.example.dogglers/androidx.test.core.app.InstrumentationActivityInvoker$EmptyActivity }, activity=androidx.test.core.app.InstrumentationActivityInvoker$EmptyActivity@1501322
06-25 05:12:55.697   417   575 W TransactionTracing: Could not find layer handle 0x7d4c9af26d10
06-25 05:12:55.706 13246 13246 D LifecycleMonitor: Lifecycle status change: androidx.test.core.app.InstrumentationActivityInvoker$EmptyActivity@1501322 in: CREATED
06-25 05:12:55.706 13246 13246 V ActivityScenario: Activity lifecycle changed event received but ignored because the intent does not match. startActivityIntent=Intent { act=android.intent.action.MAIN cat=[android.intent.category.LAUNCHER] cmp=com.example.dogglers/.MainActivity }, activity.getIntent()=Intent { act=android.intent.action.MAIN cat=[android.intent.category.LAUNCHER] flg=0x10000000 cmp=com.example.dogglers/androidx.test.core.app.InstrumentationActivityInvoker$EmptyActivity }, activity=androidx.test.core.app.InstrumentationActivityInvoker$EmptyActivity@1501322
06-25 05:12:55.707  1172  1428 D BtGatt.ScanManager: uid 10110 isForeground true scanMode 1
06-25 05:12:55.707  1172  1428 D BtGatt.ScanManager: uid 10110 isForeground true scanMode 2
06-25 05:12:55.707  1172  1428 D BtGatt.ScanManager: uid 10110 isForeground true scanMode -1
06-25 05:12:55.708 13246 13246 D LifecycleMonitor: Lifecycle status change: androidx.test.core.app.InstrumentationActivityInvoker$EmptyActivity@1501322 in: STARTED
06-25 05:12:55.708 13246 13246 V ActivityScenario: Activity lifecycle changed event received but ignored because the intent does not match. startActivityIntent=Intent { act=android.intent.action.MAIN cat=[android.intent.category.LAUNCHER] cmp=com.example.dogglers/.MainActivity }, activity.getIntent()=Intent { act=android.intent.action.MAIN cat=[android.intent.category.LAUNCHER] flg=0x10000000 cmp=com.example.dogglers/androidx.test.core.app.InstrumentationActivityInvoker$EmptyActivity }, activity=androidx.test.core.app.InstrumentationActivityInvoker$EmptyActivity@1501322
06-25 05:12:55.709 13246 13246 D LifecycleMonitor: Lifecycle status change: androidx.test.core.app.InstrumentationActivityInvoker$EmptyActivity@1501322 in: RESUMED
06-25 05:12:55.709 13246 13246 V ActivityScenario: Activity lifecycle changed event received but ignored because the intent does not match. startActivityIntent=Intent { act=android.intent.action.MAIN cat=[android.intent.category.LAUNCHER] cmp=com.example.dogglers/.MainActivity }, activity.getIntent()=Intent { act=android.intent.action.MAIN cat=[android.intent.category.LAUNCHER] flg=0x10000000 cmp=com.example.dogglers/androidx.test.core.app.InstrumentationActivityInvoker$EmptyActivity }, activity=androidx.test.core.app.InstrumentationActivityInvoker$EmptyActivity@1501322
06-25 05:12:55.714   417   575 W TransactionTracing: Could not find layer handle 0x7d4c9af27c10
06-25 05:12:55.715   417   575 W TransactionTracing: Could not find layer handle 0x7d4c9af26710
06-25 05:12:55.725 13246 13246 D LifecycleMonitor: Lifecycle status change: com.example.dogglers.MainActivity@3d58087 in: STOPPED
06-25 05:12:55.726 13246 13246 V ActivityScenario: Update currentActivityStage to STOPPED, currentActivity=com.example.dogglers.MainActivity@3d58087
06-25 05:12:55.727 13246 13246 D LifecycleMonitor: Lifecycle status change: com.example.dogglers.MainActivity@3d58087 in: DESTROYED
06-25 05:12:55.727 13246 13246 V ActivityScenario: Update currentActivityStage to DESTROYED, currentActivity=null
06-25 05:12:55.731   417   575 W TransactionTracing: Could not find layer id -1
06-25 05:12:55.731   417   575 W TransactionTracing: Could not find layer id -1
06-25 05:12:55.732   417   575 W TransactionTracing: Could not find layer id -1
06-25 05:12:55.736   687  7524 W InputManager-JNI: Input channel object '60b7ec5 com.example.dogglers/com.example.dogglers.MainActivity (client)' was disposed without first being removed with the input manager!
06-25 05:12:55.739 13246 13246 D LifecycleMonitor: Lifecycle status change: androidx.test.core.app.InstrumentationActivityInvoker$BootstrapActivity@ed6b69 in: STOPPED
06-25 05:12:55.739 13246 13246 V ActivityScenario: Activity lifecycle changed event received but ignored because the intent does not match. startActivityIntent=Intent { act=android.intent.action.MAIN cat=[android.intent.category.LAUNCHER] cmp=com.example.dogglers/.MainActivity }, activity.getIntent()=Intent { act=android.intent.action.MAIN cat=[android.intent.category.LAUNCHER] flg=0x10008000 cmp=com.example.dogglers/androidx.test.core.app.InstrumentationActivityInvoker$BootstrapActivity (has extras) }, activity=androidx.test.core.app.InstrumentationActivityInvoker$BootstrapActivity@ed6b69
06-25 05:12:55.741 13246 13246 D LifecycleMonitor: Lifecycle status change: androidx.test.core.app.InstrumentationActivityInvoker$BootstrapActivity@ed6b69 in: DESTROYED
06-25 05:12:55.741 13246 13246 V ActivityScenario: Activity lifecycle changed event received but ignored because the intent does not match. startActivityIntent=Intent { act=android.intent.action.MAIN cat=[android.intent.category.LAUNCHER] cmp=com.example.dogglers/.MainActivity }, activity.getIntent()=Intent { act=android.intent.action.MAIN cat=[android.intent.category.LAUNCHER] flg=0x10008000 cmp=com.example.dogglers/androidx.test.core.app.InstrumentationActivityInvoker$BootstrapActivity (has extras) }, activity=androidx.test.core.app.InstrumentationActivityInvoker$BootstrapActivity@ed6b69
06-25 05:12:55.747   417   575 W TransactionTracing: Could not find layer handle 0x7d4c9af200b0
06-25 05:12:55.747   417   575 W TransactionTracing: Could not find layer handle 0x7d4c9af20d10
06-25 05:12:55.748   417   575 W TransactionTracing: Could not find layer handle 0x7d4c9af24490
06-25 05:12:55.748   417   575 W TransactionTracing: Could not find layer handle 0x7d4c9af28570
06-25 05:12:55.748   417   575 W TransactionTracing: Could not find layer id -1
06-25 05:12:55.762 13246 13276 W Parcel  : Expecting binder but got null!
06-25 05:12:55.765   417   575 W TransactionTracing: Could not find layer id -1
06-25 05:12:55.769   687   726 I ActivityTaskManager: Displayed com.example.dogglers/androidx.test.core.app.InstrumentationActivityInvoker$EmptyActivity: +129ms
06-25 05:12:55.790 13246 13246 D LifecycleMonitor: Lifecycle status change: androidx.test.core.app.InstrumentationActivityInvoker$EmptyActivity@84fd1c3 in: STOPPED
06-25 05:12:55.790 13246 13246 V ActivityScenario: Activity lifecycle changed event received but ignored because the intent does not match. startActivityIntent=Intent { act=android.intent.action.MAIN cat=[android.intent.category.LAUNCHER] cmp=com.example.dogglers/.MainActivity }, activity.getIntent()=Intent { act=android.intent.action.MAIN cat=[android.intent.category.LAUNCHER] flg=0x10000000 cmp=com.example.dogglers/androidx.test.core.app.InstrumentationActivityInvoker$EmptyActivity }, activity=androidx.test.core.app.InstrumentationActivityInvoker$EmptyActivity@84fd1c3
06-25 05:12:55.798   417   575 W TransactionTracing: Could not find layer id -1
06-25 05:12:55.798   417   575 W TransactionTracing: Could not find layer id -1
06-25 05:12:55.821 13246 13246 D LifecycleMonitor: Lifecycle status change: androidx.test.core.app.InstrumentationActivityInvoker$EmptyActivity@84fd1c3 in: DESTROYED
06-25 05:12:55.821 13246 13246 V ActivityScenario: Activity lifecycle changed event received but ignored because the intent does not match. startActivityIntent=Intent { act=android.intent.action.MAIN cat=[android.intent.category.LAUNCHER] cmp=com.example.dogglers/.MainActivity }, activity.getIntent()=Intent { act=android.intent.action.MAIN cat=[android.intent.category.LAUNCHER] flg=0x10000000 cmp=com.example.dogglers/androidx.test.core.app.InstrumentationActivityInvoker$EmptyActivity }, activity=androidx.test.core.app.InstrumentationActivityInvoker$EmptyActivity@84fd1c3
06-25 05:12:55.826   687  7524 W InputManager-JNI: Input channel object '2f6f1e9 com.example.dogglers/androidx.test.core.app.InstrumentationActivityInvoker$EmptyActivity (client)' was disposed without first being removed with the input manager!
06-25 05:12:55.836 13246 13246 D LifecycleMonitor: Lifecycle status change: androidx.test.core.app.InstrumentationActivityInvoker$EmptyActivity@1501322 in: PAUSED
06-25 05:12:55.836 13246 13246 V ActivityScenario: Activity lifecycle changed event received but ignored because the intent does not match. startActivityIntent=Intent { act=android.intent.action.MAIN cat=[android.intent.category.LAUNCHER] cmp=com.example.dogglers/.MainActivity }, activity.getIntent()=Intent { act=android.intent.action.MAIN cat=[android.intent.category.LAUNCHER] flg=0x10000000 cmp=com.example.dogglers/androidx.test.core.app.InstrumentationActivityInvoker$EmptyActivity }, activity=androidx.test.core.app.InstrumentationActivityInvoker$EmptyActivity@1501322
06-25 05:12:55.842 13246 13273 I TestRunner: finished: vertical_list_button_is_displayed(com.example.dogglers.ButtonTests)
