06-25 05:13:10.102 13246 13273 I TestRunner: started: vertical_scrolling(com.example.dogglers.VerticalListTests)
06-25 05:13:10.106 13246 13273 W Settings: Setting always_finish_activities has moved from android.provider.Settings.System to android.provider.Settings.Global, returning read-only value.
06-25 05:13:10.117   943  1311 D SplashScreenView: Build android.window.SplashScreenView{12115b3 V.E...... ......ID 0,0-0,0}
06-25 05:13:10.117   943  1311 D SplashScreenView: Icon: view: null drawable: null size: 0
06-25 05:13:10.117   943  1311 D SplashScreenView: Branding: view: android.view.View{b24f770 G.ED..... ......I. 0,0-0,0 #10204db android:id/splashscreen_branding_view} drawable: null size w: 0 h: 0
06-25 05:13:10.133   417   575 W TransactionTracing: Could not find layer id -1
06-25 05:13:10.134   417   575 W TransactionTracing: Could not find layer id -1
06-25 05:13:10.134   417   575 W TransactionTracing: Could not find layer id -1
06-25 05:13:10.134   417   575 W TransactionTracing: Could not find layer id -1
06-25 05:13:10.136   417   575 W TransactionTracing: Could not find layer id -1
06-25 05:13:10.138 13246 13246 D LifecycleMonitor: Lifecycle status change: androidx.test.core.app.InstrumentationActivityInvoker$BootstrapActivity@452a7db in: PRE_ON_CREATE
06-25 05:13:10.138 13246 13246 V ActivityScenario: Activity lifecycle changed event received but ignored because the intent does not match. startActivityIntent=Intent { act=android.intent.action.MAIN cat=[android.intent.category.LAUNCHER] cmp=com.example.dogglers/.VerticalListActivity }, activity.getIntent()=Intent { act=android.intent.action.MAIN cat=[android.intent.category.LAUNCHER] flg=0x10008000 cmp=com.example.dogglers/androidx.test.core.app.InstrumentationActivityInvoker$BootstrapActivity (has extras) }, activity=androidx.test.core.app.InstrumentationActivityInvoker$BootstrapActivity@452a7db
06-25 05:13:10.153 13246 13246 D LifecycleMonitor: Lifecycle status change: androidx.test.core.app.InstrumentationActivityInvoker$BootstrapActivity@452a7db in: CREATED
06-25 05:13:10.153 13246 13246 V ActivityScenario: Activity lifecycle changed event received but ignored because the intent does not match. startActivityIntent=Intent { act=android.intent.action.MAIN cat=[android.intent.category.LAUNCHER] cmp=com.example.dogglers/.VerticalListActivity }, activity.getIntent()=Intent { act=android.intent.action.MAIN cat=[android.intent.category.LAUNCHER] flg=0x10008000 cmp=com.example.dogglers/androidx.test.core.app.InstrumentationActivityInvoker$BootstrapActivity (has extras) }, activity=androidx.test.core.app.InstrumentationActivityInvoker$BootstrapActivity@452a7db
06-25 05:13:10.154   943  1326 W Parcel  : Expecting binder but got null!
06-25 05:13:10.156 13246 13246 D LifecycleMonitor: Lifecycle status change: androidx.test.core.app.InstrumentationActivityInvoker$BootstrapActivity@452a7db in: STARTED
06-25 05:13:10.156 13246 13246 V ActivityScenario: Activity lifecycle changed event received but ignored because the intent does not match. startActivityIntent=Intent { act=android.intent.action.MAIN cat=[android.intent.category.LAUNCHER] cmp=com.example.dogglers/.VerticalListActivity }, activity.getIntent()=Intent { act=android.intent.action.MAIN cat=[android.intent.category.LAUNCHER] flg=0x10008000 cmp=com.example.dogglers/androidx.test.core.app.InstrumentationActivityInvoker$BootstrapActivity (has extras) }, activity=androidx.test.core.app.InstrumentationActivityInvoker$BootstrapActivity@452a7db
06-25 05:13:10.174 13246 13246 D LifecycleMonitor: Lifecycle status change: androidx.test.core.app.InstrumentationActivityInvoker$BootstrapActivity@452a7db in: RESUMED
06-25 05:13:10.174 13246 13246 V ActivityScenario: Activity lifecycle changed event received but ignored because the intent does not match. startActivityIntent=Intent { act=android.intent.action.MAIN cat=[android.intent.category.LAUNCHER] cmp=com.example.dogglers/.VerticalListActivity }, activity.getIntent()=Intent { act=android.intent.action.MAIN cat=[android.intent.category.LAUNCHER] flg=0x10008000 cmp=com.example.dogglers/androidx.test.core.app.InstrumentationActivityInvoker$BootstrapActivity (has extras) }, activity=androidx.test.core.app.InstrumentationActivityInvoker$BootstrapActivity@452a7db
06-25 05:13:10.177 13246 13246 D LifecycleMonitor: Lifecycle status change: androidx.test.core.app.InstrumentationActivityInvoker$BootstrapActivity@452a7db in: PAUSED
06-25 05:13:10.177 13246 13246 V ActivityScenario: Activity lifecycle changed event received but ignored because the intent does not match. startActivityIntent=Intent { act=android.intent.action.MAIN cat=[android.intent.category.LAUNCHER] cmp=com.example.dogglers/.VerticalListActivity }, activity.getIntent()=Intent { act=android.intent.action.MAIN cat=[android.intent.category.LAUNCHER] flg=0x10008000 cmp=com.example.dogglers/androidx.test.core.app.InstrumentationActivityInvoker$BootstrapActivity (has extras) }, activity=androidx.test.core.app.InstrumentationActivityInvoker$BootstrapActivity@452a7db
06-25 05:13:10.189 13246 13246 D LifecycleMonitor: Lifecycle status change: com.example.dogglers.VerticalListActivity@bacb589 in: PRE_ON_CREATE
06-25 05:13:10.189 13246 13246 V ActivityScenario: Activity lifecycle changed event received but ignored because the reported transition was not ON_CREATE while the last known transition was PRE_ON_CREATE
06-25 05:13:10.199 13246 13246 D LifecycleMonitor: Lifecycle status change: com.example.dogglers.VerticalListActivity@bacb589 in: CREATED
06-25 05:13:10.200 13246 13246 V ActivityScenario: Update currentActivityStage to CREATED, currentActivity=com.example.dogglers.VerticalListActivity@bacb589
06-25 05:13:10.201 13246 13246 D LifecycleMonitor: Lifecycle status change: com.example.dogglers.VerticalListActivity@bacb589 in: STARTED
06-25 05:13:10.201 13246 13246 V ActivityScenario: Update currentActivityStage to STARTED, currentActivity=com.example.dogglers.VerticalListActivity@bacb589
06-25 05:13:10.203 13246 13246 D LifecycleMonitor: Lifecycle status change: com.example.dogglers.VerticalListActivity@bacb589 in: RESUMED
06-25 05:13:10.203 13246 13246 V ActivityScenario: Update currentActivityStage to RESUMED, currentActivity=com.example.dogglers.VerticalListActivity@bacb589
06-25 05:13:10.229  2617  2617 I GsaVoiceInteractionSrv: Handling ACTION_STOP_HOTWORD
06-25 05:13:10.230  2617  3666 E HwDetectorWithState: a: 3
06-25 05:13:10.257 13246 13276 W Parcel  : Expecting binder but got null!
06-25 05:13:10.265   687   726 W ziparchive: Unable to open '/data/app/~~s1DyhpIMl2M8Tzq-XO1Nwg==/com.example.dogglers-JSBucVTvcMG97SpM-iy7Vg==/base.dm': No such file or directory
06-25 05:13:10.266   687   726 I ActivityTaskManager: Displayed com.example.dogglers/.VerticalListActivity: +150ms
06-25 05:13:10.270   417   575 W TransactionTracing: Could not find layer id -1
06-25 05:13:10.270   417   575 W TransactionTracing: Could not find layer id -1
06-25 05:13:10.276 13246 13246 D RootViewPicker: Root not ready - waiting: 10ms for one to appear.
06-25 05:13:10.278  3086  3086 I GoogleInputMethodService: GoogleInputMethodService.onFinishInput():3220
06-25 05:13:10.279  3086  3086 I GoogleInputMethodService: GoogleInputMethodService.updateDeviceLockedStatus():2114 repeatCheckTimes = 0, unlocked = true
06-25 05:13:10.280  3086  3086 I GoogleInputMethodService: GoogleInputMethodService.onStartInput():1919 onStartInput(EditorInfo{inputType=0x0(NULL) imeOptions=0x0 privateImeOptions=null actionName=UNSPECIFIED actionLabel=null actionId=0 initialSelStart=-1 initialSelEnd=-1 initialCapsMode=0x0 hintText=null label=null packageName=com.example.dogglers fieldId=-1 fieldName=null extras=null}, false)
06-25 05:13:10.285  3086  3086 I GoogleInputMethodService: GoogleInputMethodService.updateDeviceLockedStatus():2114 repeatCheckTimes = 2, unlocked = true
06-25 05:13:10.286   417   575 W TransactionTracing: Could not find layer handle 0x7d4c9af20410
06-25 05:13:10.287   417   575 W TransactionTracing: Could not find layer id -1
06-25 05:13:10.299   417   575 W TransactionTracing: Could not find layer id -1
06-25 05:13:10.305 13246 13246 I ViewInteraction: Performing 'fast swipe' action on view view.getId() is <2131231206/com.example.dogglers:id/vertical_recycler_view>
06-25 05:13:10.307  1392  1392 D TaplEvents: TIS / TouchInteractionService.onInputEvent: MotionEvent { action=ACTION_DOWN, actionButton=0, id[0]=0, x[0]=539.5, y[0]=2108.3281, toolType[0]=TOOL_TYPE_UNKNOWN, buttonState=BUTTON_PRIMARY, classification=NONE, metaState=0, flags=0x0, edgeFlags=0x0, pointerCount=1, historySize=0, eventTime=1884287, downTime=1884287, deviceId=-1, source=0x1002, displayId=0, eventId=-579913289 }
06-25 05:13:10.309 13246 13246 D AutofillManager: Fill dialog is enabled:false, hints=[password, passwordAuto, creditCardNumber, creditCardSecurityCode, creditCardExpirationDate]
06-25 05:13:10.456 13246 13246 D LifecycleMonitor: Lifecycle status change: androidx.test.core.app.InstrumentationActivityInvoker$BootstrapActivity@452a7db in: STOPPED
06-25 05:13:10.459 13246 13246 V ActivityScenario: Activity lifecycle changed event received but ignored because the intent does not match. startActivityIntent=Intent { act=android.intent.action.MAIN cat=[android.intent.category.LAUNCHER] cmp=com.example.dogglers/.VerticalListActivity }, activity.getIntent()=Intent { act=android.intent.action.MAIN cat=[android.intent.category.LAUNCHER] flg=0x10008000 cmp=com.example.dogglers/androidx.test.core.app.InstrumentationActivityInvoker$BootstrapActivity (has extras) }, activity=androidx.test.core.app.InstrumentationActivityInvoker$BootstrapActivity@452a7db
06-25 05:13:10.461  1172  1428 D BtGatt.ScanManager: uid 10110 isForeground true scanMode 1
06-25 05:13:10.461  1172  1428 D BtGatt.ScanManager: uid 10110 isForeground true scanMode 2
06-25 05:13:10.461  1172  1428 D BtGatt.ScanManager: uid 10110 isForeground true scanMode -1
06-25 05:13:10.498   417   575 W TransactionTracing: Could not find layer id -1
06-25 05:13:10.499   417   575 W TransactionTracing: Could not find layer id -1
06-25 05:13:10.499   417   575 W TransactionTracing: Could not find layer id -1
06-25 05:13:10.515   417   575 W TransactionTracing: Could not find layer handle 0x7d4c9af20230
06-25 05:13:10.515   417   575 W TransactionTracing: Could not find layer handle 0x7d4c9af272b0
06-25 05:13:10.556   687  3726 W InputManager-JNI: Input channel object '340f1a2 Splash Screen com.example.dogglers (client)' was disposed without first being removed with the input manager!
06-25 05:13:10.567 13246 13246 I ViewInteraction: Checking 'MatchesViewAssertion{viewMatcher=(view has effective visibility <VISIBLE> and view.getGlobalVisibleRect() to return non-empty rectangle)}' assertion on view an instance of android.widget.TextView and view.getText() with or without transformation to match: is "Faye"
06-25 05:13:10.567 13246 13246 E ViewAssertions: '(view has effective visibility <VISIBLE> and view.getGlobalVisibleRect() to return non-empty rectangle)' check could not be performed because view 'an instance of android.widget.TextView and view.getText() with or without transformation to match: is "Faye"' was not found.
06-25 05:13:10.579 13246 13246 D LifecycleMonitor: Lifecycle status change: com.example.dogglers.VerticalListActivity@bacb589 in: PAUSED
06-25 05:13:10.580 13246 13246 V ActivityScenario: Update currentActivityStage to PAUSED, currentActivity=com.example.dogglers.VerticalListActivity@bacb589
06-25 05:13:10.589 13246 13246 D LifecycleMonitor: Lifecycle status change: androidx.test.core.app.InstrumentationActivityInvoker$EmptyActivity@63ff1ca in: PRE_ON_CREATE
06-25 05:13:10.590 13246 13246 V ActivityScenario: Activity lifecycle changed event received but ignored because the intent does not match. startActivityIntent=Intent { act=android.intent.action.MAIN cat=[android.intent.category.LAUNCHER] cmp=com.example.dogglers/.VerticalListActivity }, activity.getIntent()=Intent { act=android.intent.action.MAIN cat=[android.intent.category.LAUNCHER] flg=0x10000000 cmp=com.example.dogglers/androidx.test.core.app.InstrumentationActivityInvoker$EmptyActivity }, activity=androidx.test.core.app.InstrumentationActivityInvoker$EmptyActivity@63ff1ca
06-25 05:13:10.594 13246 13246 D LifecycleMonitor: Lifecycle status change: androidx.test.core.app.InstrumentationActivityInvoker$EmptyActivity@63ff1ca in: CREATED
06-25 05:13:10.594 13246 13246 V ActivityScenario: Activity lifecycle changed event received but ignored because the intent does not match. startActivityIntent=Intent { act=android.intent.action.MAIN cat=[android.intent.category.LAUNCHER] cmp=com.example.dogglers/.VerticalListActivity }, activity.getIntent()=Intent { act=android.intent.action.MAIN cat=[android.intent.category.LAUNCHER] flg=0x10000000 cmp=com.example.dogglers/androidx.test.core.app.InstrumentationActivityInvoker$EmptyActivity }, activity=androidx.test.core.app.InstrumentationActivityInvoker$EmptyActivity@63ff1ca
06-25 05:13:10.595 13246 13246 D LifecycleMonitor: Lifecycle status change: androidx.test.core.app.InstrumentationActivityInvoker$EmptyActivity@63ff1ca in: STARTED
06-25 05:13:10.595 13246 13246 V ActivityScenario: Activity lifecycle changed event received but ignored because the intent does not match. startActivityIntent=Intent { act=android.intent.action.MAIN cat=[android.intent.category.LAUNCHER] cmp=com.example.dogglers/.VerticalListActivity }, activity.getIntent()=Intent { act=android.intent.action.MAIN cat=[android.intent.category.LAUNCHER] flg=0x10000000 cmp=com.example.dogglers/androidx.test.core.app.InstrumentationActivityInvoker$EmptyActivity }, activity=androidx.test.core.app.InstrumentationActivityInvoker$EmptyActivity@63ff1ca
06-25 05:13:10.599 13246 13246 D LifecycleMonitor: Lifecycle status change: androidx.test.core.app.InstrumentationActivityInvoker$EmptyActivity@63ff1ca in: RESUMED
06-25 05:13:10.600 13246 13246 V ActivityScenario: Activity lifecycle changed event received but ignored because the intent does not match. startActivityIntent=Intent { act=android.intent.action.MAIN cat=[android.intent.category.LAUNCHER] cmp=com.example.dogglers/.VerticalListActivity }, activity.getIntent()=Intent { act=android.intent.action.MAIN cat=[android.intent.category.LAUNCHER] flg=0x10000000 cmp=com.example.dogglers/androidx.test.core.app.InstrumentationActivityInvoker$EmptyActivity }, activity=androidx.test.core.app.InstrumentationActivityInvoker$EmptyActivity@63ff1ca
06-25 05:13:10.633 13246 13276 W Parcel  : Expecting binder but got null!
06-25 05:13:10.636   687   726 I ActivityTaskManager: Displayed com.example.dogglers/androidx.test.core.app.InstrumentationActivityInvoker$EmptyActivity: +62ms
06-25 05:13:10.657 13246 13246 D LifecycleMonitor: Lifecycle status change: com.example.dogglers.VerticalListActivity@bacb589 in: STOPPED
06-25 05:13:10.657 13246 13246 V ActivityScenario: Update currentActivityStage to STOPPED, currentActivity=com.example.dogglers.VerticalListActivity@bacb589
06-25 05:13:10.659 13246 13246 D LifecycleMonitor: Lifecycle status change: com.example.dogglers.VerticalListActivity@bacb589 in: DESTROYED
06-25 05:13:10.659 13246 13246 V ActivityScenario: Update currentActivityStage to DESTROYED, currentActivity=null
06-25 05:13:10.665   687   881 W InputManager-JNI: Input channel object '660194c com.example.dogglers/com.example.dogglers.VerticalListActivity (client)' was disposed without first being removed with the input manager!
06-25 05:13:10.673 13246 13246 D LifecycleMonitor: Lifecycle status change: androidx.test.core.app.InstrumentationActivityInvoker$EmptyActivity@63ff1ca in: PAUSED
06-25 05:13:10.674 13246 13246 V ActivityScenario: Activity lifecycle changed event received but ignored because the intent does not match. startActivityIntent=Intent { act=android.intent.action.MAIN cat=[android.intent.category.LAUNCHER] cmp=com.example.dogglers/.VerticalListActivity }, activity.getIntent()=Intent { act=android.intent.action.MAIN cat=[android.intent.category.LAUNCHER] flg=0x10000000 cmp=com.example.dogglers/androidx.test.core.app.InstrumentationActivityInvoker$EmptyActivity }, activity=androidx.test.core.app.InstrumentationActivityInvoker$EmptyActivity@63ff1ca
06-25 05:13:10.680  3086  3086 I GoogleInputMethodService: GoogleInputMethodService.onFinishInput():3220
06-25 05:13:10.682   417   575 W TransactionTracing: Could not find layer handle 0x7d4c9af27a30
06-25 05:13:10.683  3086  3086 I GoogleInputMethodService: GoogleInputMethodService.updateDeviceLockedStatus():2114 repeatCheckTimes = 0, unlocked = true
06-25 05:13:10.684  3086  3086 I GoogleInputMethodService: GoogleInputMethodService.onStartInput():1919 onStartInput(EditorInfo{inputType=0x0(NULL) imeOptions=0x0 privateImeOptions=null actionName=UNSPECIFIED actionLabel=null actionId=0 initialSelStart=-1 initialSelEnd=-1 initialCapsMode=0x0 hintText=null label=null packageName=com.example.dogglers fieldId=-1 fieldName=null extras=null}, false)
06-25 05:13:10.685  3086  3086 I GoogleInputMethodService: GoogleInputMethodService.updateDeviceLockedStatus():2114 repeatCheckTimes = 2, unlocked = true
06-25 05:13:10.688   417   575 W TransactionTracing: Could not find layer handle 0x7d4c9af1f930
06-25 05:13:10.689   417   575 W TransactionTracing: Could not find layer handle 0x7d4c9af21f70
06-25 05:13:10.689   417   575 W TransactionTracing: Could not find layer id -1
06-25 05:13:10.689   417   575 W TransactionTracing: Could not find layer id -1
06-25 05:13:10.689   417   575 W TransactionTracing: Could not find layer id -1
06-25 05:13:10.690 13246 13246 D LifecycleMonitor: Lifecycle status change: androidx.test.core.app.InstrumentationActivityInvoker$BootstrapActivity@452a7db in: DESTROYED
06-25 05:13:10.690 13246 13246 V ActivityScenario: Activity lifecycle changed event received but ignored because the intent does not match. startActivityIntent=Intent { act=android.intent.action.MAIN cat=[android.intent.category.LAUNCHER] cmp=com.example.dogglers/.VerticalListActivity }, activity.getIntent()=Intent { act=android.intent.action.MAIN cat=[android.intent.category.LAUNCHER] flg=0x10008000 cmp=com.example.dogglers/androidx.test.core.app.InstrumentationActivityInvoker$BootstrapActivity (has extras) }, activity=androidx.test.core.app.InstrumentationActivityInvoker$BootstrapActivity@452a7db
06-25 05:13:10.696 13246 13246 D LifecycleMonitor: Lifecycle status change: androidx.test.core.app.InstrumentationActivityInvoker$EmptyActivity@f6319a5 in: PRE_ON_CREATE
06-25 05:13:10.697   417   575 W TransactionTracing: Could not find layer handle 0x7d4c9af28090
06-25 05:13:10.697   417   575 W TransactionTracing: Could not find layer id -1
06-25 05:13:10.697 13246 13246 V ActivityScenario: Activity lifecycle changed event received but ignored because the intent does not match. startActivityIntent=Intent { act=android.intent.action.MAIN cat=[android.intent.category.LAUNCHER] cmp=com.example.dogglers/.VerticalListActivity }, activity.getIntent()=Intent { act=android.intent.action.MAIN cat=[android.intent.category.LAUNCHER] flg=0x10000000 cmp=com.example.dogglers/androidx.test.core.app.InstrumentationActivityInvoker$EmptyActivity }, activity=androidx.test.core.app.InstrumentationActivityInvoker$EmptyActivity@f6319a5
06-25 05:13:10.697   417   575 W TransactionTracing: Could not find layer id -1
06-25 05:13:10.706 13246 13246 D LifecycleMonitor: Lifecycle status change: androidx.test.core.app.InstrumentationActivityInvoker$EmptyActivity@f6319a5 in: CREATED
06-25 05:13:10.707 13246 13246 V ActivityScenario: Activity lifecycle changed event received but ignored because the intent does not match. startActivityIntent=Intent { act=android.intent.action.MAIN cat=[android.intent.category.LAUNCHER] cmp=com.example.dogglers/.VerticalListActivity }, activity.getIntent()=Intent { act=android.intent.action.MAIN cat=[android.intent.category.LAUNCHER] flg=0x10000000 cmp=com.example.dogglers/androidx.test.core.app.InstrumentationActivityInvoker$EmptyActivity }, activity=androidx.test.core.app.InstrumentationActivityInvoker$EmptyActivity@f6319a5
06-25 05:13:10.709 13246 13246 D LifecycleMonitor: Lifecycle status change: androidx.test.core.app.InstrumentationActivityInvoker$EmptyActivity@f6319a5 in: STARTED
06-25 05:13:10.709 13246 13246 V ActivityScenario: Activity lifecycle changed event received but ignored because the intent does not match. startActivityIntent=Intent { act=android.intent.action.MAIN cat=[android.intent.category.LAUNCHER] cmp=com.example.dogglers/.VerticalListActivity }, activity.getIntent()=Intent { act=android.intent.action.MAIN cat=[android.intent.category.LAUNCHER] flg=0x10000000 cmp=com.example.dogglers/androidx.test.core.app.InstrumentationActivityInvoker$EmptyActivity }, activity=androidx.test.core.app.InstrumentationActivityInvoker$EmptyActivity@f6319a5
06-25 05:13:10.711 13246 13246 D LifecycleMonitor: Lifecycle status change: androidx.test.core.app.InstrumentationActivityInvoker$EmptyActivity@f6319a5 in: RESUMED
06-25 05:13:10.712 13246 13246 V ActivityScenario: Activity lifecycle changed event received but ignored because the intent does not match. startActivityIntent=Intent { act=android.intent.action.MAIN cat=[android.intent.category.LAUNCHER] cmp=com.example.dogglers/.VerticalListActivity }, activity.getIntent()=Intent { act=android.intent.action.MAIN cat=[android.intent.category.LAUNCHER] flg=0x10000000 cmp=com.example.dogglers/androidx.test.core.app.InstrumentationActivityInvoker$EmptyActivity }, activity=androidx.test.core.app.InstrumentationActivityInvoker$EmptyActivity@f6319a5
06-25 05:13:10.731   417   575 W TransactionTracing: Could not find layer handle 0x7d4c9af230b0
06-25 05:13:10.731   417   575 W TransactionTracing: Could not find layer handle 0x7d4c9af290b0
06-25 05:13:10.732   417   575 W TransactionTracing: Could not find layer handle 0x7d4c9af2a3d0
06-25 05:13:10.732   417   575 W TransactionTracing: Could not find layer handle 0x7d4c9af2a3d0
06-25 05:13:10.732   417   575 W TransactionTracing: Could not find layer handle 0x7d4c9af290b0
06-25 05:13:10.747   417   575 W TransactionTracing: Could not find layer id -1
06-25 05:13:10.747   417   575 W TransactionTracing: Could not find layer id -1
06-25 05:13:10.754 13246 13276 W Parcel  : Expecting binder but got null!
06-25 05:13:10.760   687   726 I ActivityTaskManager: Displayed com.example.dogglers/androidx.test.core.app.InstrumentationActivityInvoker$EmptyActivity: +113ms
06-25 05:13:10.764   417   575 W TransactionTracing: Could not find layer handle 0x7d4c9af227b0
06-25 05:13:10.764   417   575 W TransactionTracing: Could not find layer handle 0x7d4c9af20410
06-25 05:13:10.779 13246 13246 D LifecycleMonitor: Lifecycle status change: androidx.test.core.app.InstrumentationActivityInvoker$EmptyActivity@63ff1ca in: STOPPED
06-25 05:13:10.779 13246 13246 V ActivityScenario: Activity lifecycle changed event received but ignored because the intent does not match. startActivityIntent=Intent { act=android.intent.action.MAIN cat=[android.intent.category.LAUNCHER] cmp=com.example.dogglers/.VerticalListActivity }, activity.getIntent()=Intent { act=android.intent.action.MAIN cat=[android.intent.category.LAUNCHER] flg=0x10000000 cmp=com.example.dogglers/androidx.test.core.app.InstrumentationActivityInvoker$EmptyActivity }, activity=androidx.test.core.app.InstrumentationActivityInvoker$EmptyActivity@63ff1ca
06-25 05:13:10.781   417   575 W TransactionTracing: Could not find layer id -1
06-25 05:13:10.781   417   575 W TransactionTracing: Could not find layer id -1
06-25 05:13:10.781   417   575 W TransactionTracing: Could not find layer id -1
06-25 05:13:10.781   417   575 W TransactionTracing: Could not find layer id -1
06-25 05:13:10.781   417   575 W TransactionTracing: Could not find layer id -1
06-25 05:13:10.785 13246 13246 D LifecycleMonitor: Lifecycle status change: androidx.test.core.app.InstrumentationActivityInvoker$EmptyActivity@63ff1ca in: DESTROYED
06-25 05:13:10.786 13246 13246 V ActivityScenario: Activity lifecycle changed event received but ignored because the intent does not match. startActivityIntent=Intent { act=android.intent.action.MAIN cat=[android.intent.category.LAUNCHER] cmp=com.example.dogglers/.VerticalListActivity }, activity.getIntent()=Intent { act=android.intent.action.MAIN cat=[android.intent.category.LAUNCHER] flg=0x10000000 cmp=com.example.dogglers/androidx.test.core.app.InstrumentationActivityInvoker$EmptyActivity }, activity=androidx.test.core.app.InstrumentationActivityInvoker$EmptyActivity@63ff1ca
06-25 05:13:10.789   687   713 W InputManager-JNI: Input channel object 'bfb05f3 com.example.dogglers/androidx.test.core.app.InstrumentationActivityInvoker$EmptyActivity (client)' was disposed without first being removed with the input manager!
06-25 05:13:10.794 13246 13246 D LifecycleMonitor: Lifecycle status change: androidx.test.core.app.InstrumentationActivityInvoker$EmptyActivity@f6319a5 in: PAUSED
06-25 05:13:10.794 13246 13246 V ActivityScenario: Activity lifecycle changed event received but ignored because the intent does not match. startActivityIntent=Intent { act=android.intent.action.MAIN cat=[android.intent.category.LAUNCHER] cmp=com.example.dogglers/.VerticalListActivity }, activity.getIntent()=Intent { act=android.intent.action.MAIN cat=[android.intent.category.LAUNCHER] flg=0x10000000 cmp=com.example.dogglers/androidx.test.core.app.InstrumentationActivityInvoker$EmptyActivity }, activity=androidx.test.core.app.InstrumentationActivityInvoker$EmptyActivity@f6319a5
06-25 05:13:10.800 13246 13273 E TestRunner: failed: vertical_scrolling(com.example.dogglers.VerticalListTests)
06-25 05:13:10.800 13246 13273 E TestRunner: ----- begin exception -----
06-25 05:13:10.800   417   575 W TransactionTracing: Could not find layer handle 0x7d4c9af25e10
06-25 05:13:10.800   417   575 W TransactionTracing: Could not find layer handle 0x7d4c9af26cb0
06-25 05:13:10.800   417   575 W TransactionTracing: Could not find layer handle 0x7d4c9af2a370
06-25 05:13:10.801 13246 13273 E TestRunner: androidx.test.espresso.NoMatchingViewException: No views in hierarchy found matching: an instance of android.widget.TextView and view.getText() with or without transformation to match: is "Faye"
06-25 05:13:10.801 13246 13273 E TestRunner:
06-25 05:13:10.801 13246 13273 E TestRunner: View Hierarchy:
06-25 05:13:10.801 13246 13273 E TestRunner: +>DecorView{id=-1, visibility=VISIBLE, width=1080, height=2340, has-focus=false, has-focusable=true, has-window-focus=true, is-clickable=false, is-enabled=true, is-focused=false, is-focusable=false, is-layout-requested=false, is-selected=false, layout-params={(0,0)(fillxfill) ty=BASE_APPLICATION wanim=0x10302fd
06-25 05:13:10.801 13246 13273 E TestRunner:   fl=LAYOUT_IN_SCREEN LAYOUT_INSET_DECOR SPLIT_TOUCH HARDWARE_ACCELERATED DRAWS_SYSTEM_BAR_BACKGROUNDS
06-25 05:13:10.801 13246 13273 E TestRunner:   pfl=NO_MOVE_ANIMATION FORCE_DRAW_STATUS_BAR_BACKGROUND FIT_INSETS_CONTROLLED
06-25 05:13:10.801 13246 13273 E TestRunner:   bhv=DEFAULT
06-25 05:13:10.801 13246 13273 E TestRunner:   fitSides=}, tag=null, root-is-layout-requested=false, has-input-connection=false, x=0.0, y=0.0, child-count=3}
06-25 05:13:10.801 13246 13273 E TestRunner: |
06-25 05:13:10.801 13246 13273 E TestRunner: +->LinearLayout{id=-1, visibility=VISIBLE, width=1080, height=2274, has-focus=false, has-focusable=true, has-window-focus=true, is-clickable=false, is-enabled=true, is-focused=false, is-focusable=false, is-layout-requested=false, is-selected=false, layout-params=android.widget.FrameLayout$LayoutParams@c85e6ac, tag=null, root-is-layout-requested=false, has-input-connection=false, x=0.0, y=0.0, child-count=2}
06-25 05:13:10.801 13246 13273 E TestRunner: |
06-25 05:13:10.801 13246 13273 E TestRunner: +-->ViewStub{id=16908741, res-name=action_mode_bar_stub, visibility=GONE, width=0, height=0, has-focus=false, has-focusable=false, has-window-focus=true, is-clickable=false, is-enabled=true, is-focused=false, is-focusable=false, is-layout-requested=true, is-selected=false, layout-params=android.widget.LinearLayout$LayoutParams@653cf75, tag=null, root-is-layout-requested=false, has-input-connection=false, x=0.0, y=0.0}
06-25 05:13:10.801 13246 13273 E TestRunner: |
06-25 05:13:10.801 13246 13273 E TestRunner: +-->FrameLayout{id=-1, visibility=VISIBLE, width=1080, height=2138, has-focus=false, has-focusable=true, has-window-focus=true, is-clickable=false, is-enabled=true, is-focused=false, is-focusable=false, is-layout-requested=false, is-selected=false, layout-params=android.widget.LinearLayout$LayoutParams@9128f7b, tag=null, root-is-layout-requested=false, has-input-connection=false, x=0.0, y=136.0, child-count=1}
06-25 05:13:10.801 13246 13273 E TestRunner: |
06-25 05:13:10.801 13246 13273 E TestRunner: +--->ActionBarOverlayLayout{id=2131230866, res-name=decor_content_parent, visibility=VISIBLE, width=1080, height=2138, has-focus=false, has-focusable=true, has-window-focus=true, is-clickable=false, is-enabled=true, is-focused=false, is-focusable=false, is-layout-requested=false, is-selected=false, layout-params=android.widget.FrameLayout$LayoutParams@190edd6, tag=null, root-is-layout-requested=false, has-input-connection=false, x=0.0, y=0.0, child-count=2}
06-25 05:13:10.801 13246 13273 E TestRunner: |
06-25 05:13:10.801 13246 13273 E TestRunner: +---->ContentFrameLayout{id=16908290, res-name=content, visibility=VISIBLE, width=1080, height=1984, has-focus=false, has-focusable=true, has-window-focus=true, is-clickable=false, is-enabled=true, is-focused=false, is-focusable=false, is-layout-requested=false, is-selected=false, layout-params=androidx.appcompat.widget.ActionBarOverlayLayout$LayoutParams@4cc5f44, tag=null, root-is-layout-requested=false, has-input-connection=false, x=0.0, y=154.0, child-count=1}
06-25 05:13:10.801 13246 13273 E TestRunner: |
06-25 05:13:10.801 13246 13273 E TestRunner: +----->FrameLayout{id=-1, visibility=VISIBLE, width=1080, height=1984, has-focus=false, has-focusable=true, has-window-focus=true, is-clickable=false, is-enabled=true, is-focused=false, is-focusable=false, is-layout-requested=false, is-selected=false, layout-params=android.widget.FrameLayout$LayoutParams@e061162, tag=null, root-is-layout-requested=false, has-input-connection=false, x=0.0, y=0.0, child-count=1}
06-25 05:13:10.801 13246 13273 E TestRunner: |
06-25 05:13:10.801 13246 13273 E TestRunner: +------>RecyclerView{id=2131231206, res-name=vertical_recycler_view, visibility=VISIBLE, width=1080, height=1984, has-focus=false, has-focusable=true, has-window-focus=true, is-clickable=false, is-enabled=true, is-focused=false, is-focusable=true, is-layout-requested=false, is-selected=false, layout-params=android.widget.FrameLayout$LayoutParams@bb7e1ae, tag=null, root-is-layout-requested=false, has-input-connection=false, x=0.0, y=0.0, child-count=3}
06-25 05:13:10.801 13246 13273 E TestRunner: |
06-25 05:13:10.801 13246 13273 E TestRunner: +------->MaterialCardView{id=-1, visibility=VISIBLE, width=1036, height=733, has-focus=false, has-focusable=false, has-window-focus=true, is-clickable=false, is-enabled=true, is-focused=false, is-focusable=false, is-layout-requested=false, is-selected=false, layout-params=androidx.recyclerview.widget.RecyclerView$LayoutParams@c2652dc, tag=null, root-is-layout-requested=false, has-input-connection=false, x=22.0, y=22.0, is-checked=false, child-count=1}
06-25 05:13:10.801 13246 13273 E TestRunner: |
06-25 05:13:10.801 13246 13273 E TestRunner: +-------->ConstraintLayout{id=-1, visibility=VISIBLE, width=1036, height=733, has-focus=false, has-focusable=false, has-window-focus=true, is-clickable=false, is-enabled=true, is-focused=false, is-focusable=false, is-layout-requested=false, is-selected=false, layout-params=android.widget.FrameLayout$LayoutParams@a763561, tag=null, root-is-layout-requested=false, has-input-connection=false, x=0.0, y=0.0, child-count=4}
06-25 05:13:10.801 13246 13273 E TestRunner: |
06-25 05:13:10.801 13246 13273 E TestRunner: +--------->AppCompatImageView{id=2131230885, res-name=dog_image, visibility=VISIBLE, width=1036, height=534, has-focus=false, has-focusable=false, has-window-focus=true, is-clickable=false, is-enabled=true, is-focused=false, is-focusable=false, is-layout-requested=false, is-selected=false, layout-params=androidx.constraintlayout.widget.ConstraintLayout$LayoutParams@29e7886, tag=null, root-is-layout-requested=false, has-input-connection=false, x=0.0, y=0.0}
06-25 05:13:10.801 13246 13273 E TestRunner: |
06-25 05:13:10.801 13246 13273 E TestRunner: +--------->MaterialTextView{id=2131230886, res-name=dog_name, visibility=VISIBLE, width=169, height=74, has-focus=false, has-focusable=false, has-window-focus=true, is-clickable=false, is-enabled=true, is-focused=false, is-focusable=false, is-layout-requested=false, is-selected=false, layout-params=androidx.constraintlayout.widget.ConstraintLayout$LayoutParams@3d65547, tag=null, root-is-layout-requested=false, has-input-connection=false, x=22.0, y=556.0, text=Tzeitel, input-type=0, ime-target=false, has-links=false}
06-25 05:13:10.801 13246 13273 E TestRunner: |
06-25 05:13:10.801 13246 13273 E TestRunner: +--------->MaterialTextView{id=2131230883, res-name=dog_age, visibility=VISIBLE, width=133, height=59, has-focus=false, has-focusable=false, has-window-focus=true, is-clickable=false, is-enabled=true, is-focused=false, is-focusable=false, is-layout-requested=false, is-selected=false, layout-params=androidx.constraintlayout.widget.ConstraintLayout$LayoutParams@c282174, tag=null, root-is-layout-requested=false, has-input-connection=false, x=22.0, y=674.0, text=Age: 7, input-type=0, ime-target=false, has-links=false}
06-25 05:13:10.801 13246 13273 E TestRunner: |
06-25 05:13:10.801 13246 13273 E TestRunner: +--------->MaterialTextView{id=2131230884, res-name=dog_hobbies, visibility=VISIBLE, width=430, height=59, has-focus=false, has-focusable=false, has-window-focus=true, is-clickable=false, is-enabled=true, is-focused=false, is-focusable=false, is-layout-requested=false, is-selected=false, layout-params=androidx.constraintlayout.widget.ConstraintLayout$LayoutParams@affc69d, tag=null, root-is-layout-requested=false, has-input-connection=false, x=584.0, y=674.0, text=Hobbies: sunbathing, input-type=0, ime-target=false, has-links=false}
06-25 05:13:10.801 13246 13273 E TestRunner: |
06-25 05:13:10.801 13246 13273 E TestRunner: +------->MaterialCardView{id=-1, visibility=VISIBLE, width=1036, height=733, has-focus=false, has-focusable=false, has-window-focus=true, is-clickable=false, is-enabled=true, is-focused=false, is-focusable=false, is-layout-requested=false, is-selected=false, layout-params=androidx.recyclerview.widget.RecyclerView$LayoutParams@d98fee3, tag=null, root-is-layout-requested=false, has-input-connection=false, x=22.0, y=799.0, is-checked=false, child-count=1}
06-25 05:13:10.801 13246 13273 E TestRunner: |
06-25 05:13:10.801 13246 13273 E TestRunner: +-------->ConstraintLayout{id=-1, visibility=VISIBLE, width=1036, height=733, has-focus=false, has-focusable=false, has-window-focus=true, is-clickable=false, is-enabled=true, is-focused=false, is-focusable=false, is-layout-requested=false, is-selected=false, layout-params=android.widget.FrameLayout$LayoutParams@922b0c, tag=null, root-is-layout-requested=false, has-input-connection=false, x=0.0, y=0.0, child-count=4}
06-25 05:13:10.801 13246 13273 E TestRunner: |
06-25 05:13:10.801 13246 13273 E TestRunner: +--------->AppCompatImageView{id=2131230885, res-name=dog_image, visibility=VISIBLE, width=1036, height=534, has-focus=false, has-focusable=false, has-window-focus=true, is-clickable=false, is-enabled=true, is-focused=false, is-focusable=false, is-layout-requested=false, is-selected=false, layout-params=androidx.constraintlayout.widget.ConstraintLayout$LayoutParams@ea22c55, tag=null, root-is-layout-requested=false, has-input-connection=false, x=0.0, y=0.0}
06-25 05:13:10.801 13246 13273 E TestRunner: |
06-25 05:13:10.801 13246 13273 E TestRunner: +--------->MaterialTextView{id=2131230886, res-name=dog_name, visibility=VISIBLE, width=139, height=74, has-focus=false, has-focusable=false, has-window-focus=true, is-clickable=false, is-enabled=true, is-focused=false, is-focusable=false, is-layout-requested=false, is-selected=false, layout-params=androidx.constraintlayout.widget.ConstraintLayout$LayoutParams@34cf66a, tag=null, root-is-layout-requested=false, has-input-connection=false, x=22.0, y=556.0, text=Leroy, input-type=0, ime-target=false, has-links=false}
06-25 05:13:10.801 13246 13273 E TestRunner: |
06-25 05:13:10.801 13246 13273 E TestRunner: +--------->MaterialTextView{id=2131230883, res-name=dog_age, visibility=VISIBLE, width=133, height=59, has-focus=false, has-focusable=false, has-window-focus=true, is-clickable=false, is-enabled=true, is-focused=false, is-focusable=false, is-layout-requested=false, is-selected=false, layout-params=androidx.constraintlayout.widget.ConstraintLayout$LayoutParams@ad5675b, tag=null, root-is-layout-requested=false, has-input-connection=false, x=22.0, y=674.0, text=Age: 4, input-type=0, ime-target=false, has-links=false}
06-25 05:13:10.801 13246 13273 E TestRunner: |
06-25 05:13:10.801 13246 13273 E TestRunner: +--------->MaterialTextView{id=2131230884, res-name=dog_hobbies, visibility=VISIBLE, width=806, height=59, has-focus=false, has-focusable=false, has-window-focus=true, is-clickable=false, is-enabled=true, is-focused=false, is-focusable=false, is-layout-requested=false, is-selected=false, layout-params=androidx.constraintlayout.widget.ConstraintLayout$LayoutParams@dbcebf8, tag=null, root-is-layout-requested=false, has-input-connection=false, x=208.0, y=674.0, text=Hobbies: sleeping in dangerous places, input-type=0, ime-target=false, has-links=false}
06-25 05:13:10.801 13246 13273 E TestRunner: |
06-25 05:13:10.801 13246 13273 E TestRunner: +------->MaterialCardView{id=-1, visibility=VISIBLE, width=1036, height=733, has-focus=false, has-focusable=false, has-window-focus=true, is-clickable=false, is-enabled=true, is-focused=false, is-focusable=false, is-layout-requested=false, is-selected=false, layout-params=androidx.recyclerview.widget.RecyclerView$LayoutParams@f3c0f36, tag=null, root-is-layout-requested=false, has-input-connection=false, x=22.0, y=1576.0, is-checked=false, child-count=1}
06-25 05:13:10.801 13246 13273 E TestRunner: |
06-25 05:13:10.801 13246 13273 E TestRunner: +-------->ConstraintLayout{id=-1, visibility=VISIBLE, width=1036, height=733, has-focus=false, has-focusable=false, has-window-focus=true, is-clickable=false, is-enabled=true, is-focused=false, is-focusable=false, is-layout-requested=false, is-selected=false, layout-params=android.widget.FrameLayout$LayoutParams@63766d3, tag=null, root-is-layout-requested=false, has-input-connection=false, x=0.0, y=0.0, child-count=4}
06-25 05:13:10.801 13246 13273 E TestRunner: |
06-25 05:13:10.801 13246 13273 E TestRunner: +--------->AppCompatImageView{id=2131230885, res-name=dog_image, visibility=VISIBLE, width=1036, height=534, has-focus=false, has-focusable=false, has-window-focus=true, is-clickable=false, is-enabled=true, is-focused=false, is-focusable=false, is-layout-requested=false, is-selected=false, layout-params=androidx.constraintlayout.widget.ConstraintLayout$LayoutParams@11d4210, tag=null, root-is-layout-requested=false, has-input-connection=false, x=0.0, y=0.0}
06-25 05:13:10.801 13246 13273 E TestRunner: |
06-25 05:13:10.801 13246 13273 E TestRunner: +--------->MaterialTextView{id=2131230886, res-name=dog_name, visibility=VISIBLE, width=186, height=74, has-focus=false, has-focusable=false, has-window-focus=true, is-clickable=false, is-enabled=true, is-focused=false, is-focusable=false, is-layout-requested=false, is-selected=false, layout-params=androidx.constraintlayout.widget.ConstraintLayout$LayoutParams@bf63109, tag=null, root-is-layout-requested=false, has-input-connection=false, x=22.0, y=556.0, text=Frankie, input-type=0, ime-target=false, has-links=false}
06-25 05:13:10.801 13246 13273 E TestRunner: |
06-25 05:13:10.801 13246 13273 E TestRunner: +--------->MaterialTextView{id=2131230883, res-name=dog_age, visibility=VISIBLE, width=133, height=59, has-focus=false, has-focusable=false, has-window-focus=true, is-clickable=false, is-enabled=true, is-focused=false, is-focusable=false, is-layout-requested=false, is-selected=false, layout-params=androidx.constraintlayout.widget.ConstraintLayout$LayoutParams@b9cf0e, tag=null, root-is-layout-requested=false, has-input-connection=false, x=22.0, y=674.0, text=Age: 2, input-type=0, ime-target=false, has-links=false}
06-25 05:13:10.801 13246 13273 E TestRunner: |
06-25 05:13:10.801 13246 13273 E TestRunner: +--------->MaterialTextView{id=2131230884, res-name=dog_hobbies, visibility=VISIBLE, width=499, height=59, has-focus=false, has-focusable=false, has-window-focus=true, is-clickable=false, is-enabled=true, is-focused=false, is-focusable=false, is-layout-requested=false, is-selected=false, layout-params=androidx.constraintlayout.widget.ConstraintLayout$LayoutParams@f079d2f, tag=null, root-is-layout-requested=false, has-input-connection=false, x=515.0, y=674.0, text=Hobbies: stealing socks, input-type=0, ime-target=false, has-links=false}
06-25 05:13:10.801 13246 13273 E TestRunner: |
06-25 05:13:10.801 13246 13273 E TestRunner: +---->ActionBarContainer{id=2131230774, res-name=action_bar_container, visibility=VISIBLE, width=1080, height=154, has-focus=false, has-focusable=false, has-window-focus=true, is-clickable=false, is-enabled=true, is-focused=false, is-focusable=false, is-layout-requested=false, is-selected=false, layout-params=androidx.appcompat.widget.ActionBarOverlayLayout$LayoutParams@ec7ce1a, tag=null, root-is-layout-requested=false, has-input-connection=false, x=0.0, y=0.0, child-count=2}
06-25 05:13:10.801 13246 13273 E TestRunner: |
06-25 05:13:10.801 13246 13273 E TestRunner: +----->Toolbar{id=2131230772, res-name=action_bar, visibility=VISIBLE, width=1080, height=154, has-focus=false, has-focusable=false, has-window-focus=true, is-clickable=false, is-enabled=true, is-focused=false, is-focusable=false, is-layout-requested=false, is-selected=false, layout-params=android.widget.FrameLayout$LayoutParams@184b1e6, tag=null, root-is-layout-requested=false, has-input-connection=false, x=0.0, y=0.0, child-count=3}
06-25 05:13:10.801 13246 13273 E TestRunner: |
06-25 05:13:10.801 13246 13273 E TestRunner: +------>AppCompatTextView{id=-1, visibility=VISIBLE, width=225, height=74, has-focus=false, has-focusable=false, has-window-focus=true, is-clickable=false, is-enabled=true, is-focused=false, is-focusable=false, is-layout-requested=false, is-selected=false, layout-params=androidx.appcompat.widget.Toolbar$LayoutParams@1980327, tag=null, root-is-layout-requested=false, has-input-connection=false, x=198.0, y=40.0, text=Dogglers, input-type=0, ime-target=false, has-links=false}
06-25 05:13:10.801 13246 13273 E TestRunner: |
06-25 05:13:10.801 13246 13273 E TestRunner: +------>AppCompatImageButton{id=-1, desc=Navigate up, visibility=VISIBLE, width=154, height=154, has-focus=false, has-focusable=false, has-window-focus=true, is-clickable=true, is-enabled=true, is-focused=false, is-focusable=true, is-layout-requested=false, is-selected=false, layout-params=androidx.appcompat.widget.Toolbar$LayoutParams@5d969d4, tag=null, root-is-layout-requested=false, has-input-connection=false, x=0.0, y=0.0}
06-25 05:13:10.801 13246 13273 E TestRunner: |
06-25 05:13:10.801 13246 13273 E TestRunner: +------>ActionMenuView{id=-1, visibility=VISIBLE, width=0, height=154, has-focus=false, has-focusable=false, has-window-focus=true, is-clickable=false, is-enabled=true, is-focused=false, is-focusable=false, is-layout-requested=false, is-selected=false, layout-params=androidx.appcompat.widget.Toolbar$LayoutParams@9c8d77d, tag=null, root-is-layout-requested=false, has-input-connection=false, x=1080.0, y=0.0, child-count=0}
06-25 05:13:10.801 13246 13273 E TestRunner: |
06-25 05:13:10.801 13246 13273 E TestRunner: +----->ActionBarContextView{id=2131230780, res-name=action_context_bar, visibility=GONE, width=0, height=0, has-focus=false, has-focusable=false, has-window-focus=true, is-clickable=false, is-enabled=true, is-focused=false, is-focusable=false, is-layout-requested=true, is-selected=false, layout-params=android.widget.FrameLayout$LayoutParams@3da0672, tag=null, root-is-layout-requested=false, has-input-connection=false, x=0.0, y=0.0, child-count=0}
06-25 05:13:10.801 13246 13273 E TestRunner: |
06-25 05:13:10.801 13246 13273 E TestRunner: +->View{id=16908336, res-name=navigationBarBackground, visibility=VISIBLE, width=1080, height=66, has-focus=false, has-focusable=false, has-window-focus=true, is-clickable=false, is-enabled=true, is-focused=false, is-focusable=false, is-layout-requested=false, is-selected=false, layout-params=android.widget.FrameLayout$LayoutParams@ff7aac3, tag=null, root-is-layout-requested=false, has-input-connection=false, x=0.0, y=2274.0}
06-25 05:13:10.801 13246 13273 E TestRunner: |
06-25 05:13:10.801 13246 13273 E TestRunner: +->View{id=16908335, res-name=statusBarBackground, visibility=VISIBLE, width=1080, height=136, has-focus=false, has-focusable=false, has-window-focus=true, is-clickable=false, is-enabled=true, is-focused=false, is-focusable=false, is-layout-requested=false, is-selected=false, layout-params=android.widget.FrameLayout$LayoutParams@84d4f40, tag=null, root-is-layout-requested=false, has-input-connection=false, x=0.0, y=0.0}
06-25 05:13:10.801 13246 13273 E TestRunner: 	at dalvik.system.VMStack.getThreadStackTrace(Native Method)
06-25 05:13:10.801 13246 13273 E TestRunner: 	at java.lang.Thread.getStackTrace(Thread.java:1841)
06-25 05:13:10.801 13246 13273 E TestRunner: 	at androidx.test.espresso.base.DefaultFailureHandler.getUserFriendlyError(DefaultFailureHandler.java:12)
06-25 05:13:10.801 13246 13273 E TestRunner: 	at androidx.test.espresso.base.DefaultFailureHandler.handle(DefaultFailureHandler.java:7)
06-25 05:13:10.801 13246 13273 E TestRunner: 	at androidx.test.espresso.ViewInteraction.waitForAndHandleInteractionResults(ViewInteraction.java:8)
06-25 05:13:10.801 13246 13273 E TestRunner: 	at androidx.test.espresso.ViewInteraction.check(ViewInteraction.java:12)
06-25 05:13:10.801 13246 13273 E TestRunner: 	at com.example.dogglers.VerticalListTests.vertical_scrolling(VerticalListTests.kt:56)
06-25 05:13:10.801 13246 13273 E TestRunner: 	at java.lang.reflect.Method.invoke(Native Method)
06-25 05:13:10.801 13246 13273 E TestRunner: 	at org.junit.runners.model.FrameworkMethod$1.runReflectiveCall(FrameworkMethod.java:50)
06-25 05:13:10.801 13246 13273 E TestRunner: 	at org.junit.internal.runners.model.ReflectiveCallable.run(ReflectiveCallable.java:12)
06-25 05:13:10.801 13246 13273 E TestRunner: 	at org.junit.runners.model.FrameworkMethod.invokeExplosively(FrameworkMethod.java:47)
06-25 05:13:10.801 13246 13273 E TestRunner: 	at org.junit.internal.runners.statements.InvokeMethod.evaluate(InvokeMethod.java:17)
06-25 05:13:10.801 13246 13273 E TestRunner: 	at org.junit.rules.ExternalResource$1.evaluate(ExternalResource.java:48)
06-25 05:13:10.801 13246 13273 E TestRunner: 	at org.junit.rules.RunRules.evaluate(RunRules.java:20)
06-25 05:13:10.801 13246 13273 E TestRunner: 	at org.junit.runners.ParentRunner.runLeaf(ParentRunner.java:325)
06-25 05:13:10.801 13246 13273 E TestRunner: 	at org.junit.runners.BlockJUnit4ClassRunner.runChild(BlockJUnit4ClassRunner.java:78)
06-25 05:13:10.801 13246 13273 E TestRunner: 	at org.junit.runners.BlockJUnit4ClassRunner.runChild(BlockJUnit4ClassRunner.java:57)
06-25 05:13:10.801 13246 13273 E TestRunner: 	at org.junit.runners.ParentRunner$3.run(ParentRunner.java:290)
06-25 05:13:10.801 13246 13273 E TestRunner: 	at org.junit.runners.ParentRunner$1.schedule(ParentRunner.java:71)
06-25 05:13:10.801 13246 13273 E TestRunner: 	at org.junit.runners.ParentRunner.runChildren(ParentRunner.java:288)
06-25 05:13:10.801 13246 13273 E TestRunner: 	at org.junit.runners.ParentRunner.access$000(ParentRunner.java:58)
06-25 05:13:10.801 13246 13273 E TestRunner: 	at org.junit.runners.ParentRunner$2.evaluate(ParentRunner.java:268)
06-25 05:13:10.801 13246 13273 E TestRunner: 	at org.junit.runners.ParentRunner.run(ParentRunner.java:363)
06-25 05:13:10.801 13246 13273 E TestRunner: 	at androidx.test.ext.junit.runners.AndroidJUnit4.run(AndroidJUnit4.java:162)
06-25 05:13:10.801 13246 13273 E TestRunner: 	at org.junit.runners.Suite.runChild(Suite.java:128)
06-25 05:13:10.801 13246 13273 E TestRunner: 	at org.junit.runners.Suite.runChild(Suite.java:27)
06-25 05:13:10.801 13246 13273 E TestRunner: 	at org.junit.runners.ParentRunner$3.run(ParentRunner.java:290)
06-25 05:13:10.801 13246 13273 E TestRunner: 	at org.junit.runners.ParentRunner$1.schedule(ParentRunner.java:71)
06-25 05:13:10.801 13246 13273 E TestRunner: 	at org.junit.runners.ParentRunner.runChildren(ParentRunner.java:288)
06-25 05:13:10.801 13246 13273 E TestRunner: 	at org.junit.runners.ParentRunner.access$000(ParentRunner.java:58)
06-25 05:13:10.801 13246 13273 E TestRunner: 	at org.junit.runners.ParentRunner$2.evaluate(ParentRunner.java:268)
06-25 05:13:10.801 13246 13273 E TestRunner: 	at org.junit.runners.ParentRunner.run(ParentRunner.java:363)
06-25 05:13:10.801 13246 13273 E TestRunner: 	at org.junit.runner.JUnitCore.run(JUnitCore.java:137)
06-25 05:13:10.801 13246 13273 E TestRunner: 	at org.junit.runner.JUnitCore.run(JUnitCore.java:115)
06-25 05:13:10.801 13246 13273 E TestRunner: 	at androidx.test.internal.runner.TestExecutor.execute(TestExecutor.java:56)
06-25 05:13:10.801 13246 13273 E TestRunner: 	at androidx.test.runner.AndroidJUnitRunner.onStart(AndroidJUnitRunner.java:444)
