06-25 05:13:07.914 13246 13273 I TestRunner: started: recycler_view_item_count(com.example.dogglers.VerticalListTests)
06-25 05:13:07.917 13246 13273 W Settings: Setting always_finish_activities has moved from android.provider.Settings.System to android.provider.Settings.Global, returning read-only value.
06-25 05:13:07.928   943  1311 D SplashScreenView: Build android.window.SplashScreenView{a3047c5 V.E...... ......ID 0,0-0,0}
06-25 05:13:07.928   943  1311 D SplashScreenView: Icon: view: null drawable: null size: 0
06-25 05:13:07.928   943  1311 D SplashScreenView: Branding: view: android.view.View{3cac51a G.ED..... ......I. 0,0-0,0 #10204db android:id/splashscreen_branding_view} drawable: null size w: 0 h: 0
06-25 05:13:07.953 13246 13246 D LifecycleMonitor: Lifecycle status change: androidx.test.core.app.InstrumentationActivityInvoker$BootstrapActivity@d44e39 in: PRE_ON_CREATE
06-25 05:13:07.954 13246 13246 V ActivityScenario: Activity lifecycle changed event received but ignored because the intent does not match. startActivityIntent=Intent { act=android.intent.action.MAIN cat=[android.intent.category.LAUNCHER] cmp=com.example.dogglers/.VerticalListActivity }, activity.getIntent()=Intent { act=android.intent.action.MAIN cat=[android.intent.category.LAUNCHER] flg=0x10008000 cmp=com.example.dogglers/androidx.test.core.app.InstrumentationActivityInvoker$BootstrapActivity (has extras) }, activity=androidx.test.core.app.InstrumentationActivityInvoker$BootstrapActivity@d44e39
06-25 05:13:07.960 13246 13246 D LifecycleMonitor: Lifecycle status change: androidx.test.core.app.InstrumentationActivityInvoker$BootstrapActivity@d44e39 in: CREATED
06-25 05:13:07.960 13246 13246 V ActivityScenario: Activity lifecycle changed event received but ignored because the intent does not match. startActivityIntent=Intent { act=android.intent.action.MAIN cat=[android.intent.category.LAUNCHER] cmp=com.example.dogglers/.VerticalListActivity }, activity.getIntent()=Intent { act=android.intent.action.MAIN cat=[android.intent.category.LAUNCHER] flg=0x10008000 cmp=com.example.dogglers/androidx.test.core.app.InstrumentationActivityInvoker$BootstrapActivity (has extras) }, activity=androidx.test.core.app.InstrumentationActivityInvoker$BootstrapActivity@d44e39
06-25 05:13:07.963   943  1326 W Parcel  : Expecting binder but got null!
06-25 05:13:07.964 13246 13246 D LifecycleMonitor: Lifecycle status change: androidx.test.core.app.InstrumentationActivityInvoker$BootstrapActivity@d44e39 in: STARTED
06-25 05:13:07.966 13246 13246 V ActivityScenario: Activity lifecycle changed event received but ignored because the intent does not match. startActivityIntent=Intent { act=android.intent.action.MAIN cat=[android.intent.category.LAUNCHER] cmp=com.example.dogglers/.VerticalListActivity }, activity.getIntent()=Intent { act=android.intent.action.MAIN cat=[android.intent.category.LAUNCHER] flg=0x10008000 cmp=com.example.dogglers/androidx.test.core.app.InstrumentationActivityInvoker$BootstrapActivity (has extras) }, activity=androidx.test.core.app.InstrumentationActivityInvoker$BootstrapActivity@d44e39
06-25 05:13:07.981 13246 13246 D LifecycleMonitor: Lifecycle status change: androidx.test.core.app.InstrumentationActivityInvoker$BootstrapActivity@d44e39 in: RESUMED
06-25 05:13:07.982 13246 13246 V ActivityScenario: Activity lifecycle changed event received but ignored because the intent does not match. startActivityIntent=Intent { act=android.intent.action.MAIN cat=[android.intent.category.LAUNCHER] cmp=com.example.dogglers/.VerticalListActivity }, activity.getIntent()=Intent { act=android.intent.action.MAIN cat=[android.intent.category.LAUNCHER] flg=0x10008000 cmp=com.example.dogglers/androidx.test.core.app.InstrumentationActivityInvoker$BootstrapActivity (has extras) }, activity=androidx.test.core.app.InstrumentationActivityInvoker$BootstrapActivity@d44e39
06-25 05:13:07.991 13246 13246 D LifecycleMonitor: Lifecycle status change: androidx.test.core.app.InstrumentationActivityInvoker$BootstrapActivity@d44e39 in: PAUSED
06-25 05:13:07.992 13246 13246 V ActivityScenario: Activity lifecycle changed event received but ignored because the intent does not match. startActivityIntent=Intent { act=android.intent.action.MAIN cat=[android.intent.category.LAUNCHER] cmp=com.example.dogglers/.VerticalListActivity }, activity.getIntent()=Intent { act=android.intent.action.MAIN cat=[android.intent.category.LAUNCHER] flg=0x10008000 cmp=com.example.dogglers/androidx.test.core.app.InstrumentationActivityInvoker$BootstrapActivity (has extras) }, activity=androidx.test.core.app.InstrumentationActivityInvoker$BootstrapActivity@d44e39
06-25 05:13:08.005 13246 13246 D LifecycleMonitor: Lifecycle status change: com.example.dogglers.VerticalListActivity@c6d41d7 in: PRE_ON_CREATE
06-25 05:13:08.006 13246 13246 V ActivityScenario: Activity lifecycle changed event received but ignored because the reported transition was not ON_CREATE while the last known transition was PRE_ON_CREATE
06-25 05:13:08.014   417   575 W TransactionTracing: Could not find layer id -1
06-25 05:13:08.014   417   575 W TransactionTracing: Could not find layer id -1
06-25 05:13:08.020  1392  1392 W FrameTracker: Missing SF jank callback for vsyncId: 111948, CUJ=J<LAUNCHER_APP_CLOSE_TO_HOME>
06-25 05:13:08.020 13246 13246 D LifecycleMonitor: Lifecycle status change: com.example.dogglers.VerticalListActivity@c6d41d7 in: CREATED
06-25 05:13:08.021 13246 13246 V ActivityScenario: Update currentActivityStage to CREATED, currentActivity=com.example.dogglers.VerticalListActivity@c6d41d7
06-25 05:13:08.023 13246 13246 D LifecycleMonitor: Lifecycle status change: com.example.dogglers.VerticalListActivity@c6d41d7 in: STARTED
06-25 05:13:08.023 13246 13246 V ActivityScenario: Update currentActivityStage to STARTED, currentActivity=com.example.dogglers.VerticalListActivity@c6d41d7
06-25 05:13:08.024 13246 13246 D LifecycleMonitor: Lifecycle status change: com.example.dogglers.VerticalListActivity@c6d41d7 in: RESUMED
06-25 05:13:08.025 13246 13246 V ActivityScenario: Update currentActivityStage to RESUMED, currentActivity=com.example.dogglers.VerticalListActivity@c6d41d7
06-25 05:13:08.041  2617  2617 I GsaVoiceInteractionSrv: Handling ACTION_STOP_HOTWORD
06-25 05:13:08.044  2617  3666 E HwDetectorWithState: a: 3
06-25 05:13:08.064   417   575 W TransactionTracing: Could not find layer handle 0x7d4c9af23f50
06-25 05:13:08.064   417   575 W TransactionTracing: Could not find layer id -1
06-25 05:13:08.064   417   575 W TransactionTracing: Could not find layer id -1
06-25 05:13:08.064   417   575 W TransactionTracing: Could not find layer id -1
06-25 05:13:08.104 13246 13276 W Parcel  : Expecting binder but got null!
06-25 05:13:08.113   687   726 W ziparchive: Unable to open '/data/app/~~s1DyhpIMl2M8Tzq-XO1Nwg==/com.example.dogglers-JSBucVTvcMG97SpM-iy7Vg==/base.dm': No such file or directory
06-25 05:13:08.115   687   726 I ActivityTaskManager: Displayed com.example.dogglers/.VerticalListActivity: +189ms
06-25 05:13:08.126 13246 13246 D RootViewPicker: Root not ready - waiting: 10ms for one to appear.
06-25 05:13:08.137  3086  3086 I GoogleInputMethodService: GoogleInputMethodService.onFinishInput():3220
06-25 05:13:08.141  3086  3086 I GoogleInputMethodService: GoogleInputMethodService.updateDeviceLockedStatus():2114 repeatCheckTimes = 0, unlocked = true
06-25 05:13:08.141  3086  3086 I GoogleInputMethodService: GoogleInputMethodService.onStartInput():1919 onStartInput(EditorInfo{inputType=0x0(NULL) imeOptions=0x0 privateImeOptions=null actionName=UNSPECIFIED actionLabel=null actionId=0 initialSelStart=-1 initialSelEnd=-1 initialCapsMode=0x0 hintText=null label=null packageName=com.example.dogglers fieldId=-1 fieldName=null extras=null}, false)
06-25 05:13:08.143  3086  3086 I GoogleInputMethodService: GoogleInputMethodService.updateDeviceLockedStatus():2114 repeatCheckTimes = 2, unlocked = true
06-25 05:13:08.147   417   575 W TransactionTracing: Could not find layer handle 0x7d4c9af25e10
06-25 05:13:08.171 13246 13246 I ViewInteraction: Checking 'com.example.dogglers.BaseTest$DrawableMatcher$RecyclerViewAssertion@4728ac6' assertion on view view.getId() is <2131231206/com.example.dogglers:id/vertical_recycler_view>
06-25 05:13:08.192 13246 13246 D LifecycleMonitor: Lifecycle status change: com.example.dogglers.VerticalListActivity@c6d41d7 in: PAUSED
06-25 05:13:08.192 13246 13246 V ActivityScenario: Update currentActivityStage to PAUSED, currentActivity=com.example.dogglers.VerticalListActivity@c6d41d7
06-25 05:13:08.202 13246 13246 D LifecycleMonitor: Lifecycle status change: androidx.test.core.app.InstrumentationActivityInvoker$EmptyActivity@6d96120 in: PRE_ON_CREATE
06-25 05:13:08.203 13246 13246 V ActivityScenario: Activity lifecycle changed event received but ignored because the intent does not match. startActivityIntent=Intent { act=android.intent.action.MAIN cat=[android.intent.category.LAUNCHER] cmp=com.example.dogglers/.VerticalListActivity }, activity.getIntent()=Intent { act=android.intent.action.MAIN cat=[android.intent.category.LAUNCHER] flg=0x10000000 cmp=com.example.dogglers/androidx.test.core.app.InstrumentationActivityInvoker$EmptyActivity }, activity=androidx.test.core.app.InstrumentationActivityInvoker$EmptyActivity@6d96120
06-25 05:13:08.208 13246 13246 D LifecycleMonitor: Lifecycle status change: androidx.test.core.app.InstrumentationActivityInvoker$EmptyActivity@6d96120 in: CREATED
06-25 05:13:08.208 13246 13246 V ActivityScenario: Activity lifecycle changed event received but ignored because the intent does not match. startActivityIntent=Intent { act=android.intent.action.MAIN cat=[android.intent.category.LAUNCHER] cmp=com.example.dogglers/.VerticalListActivity }, activity.getIntent()=Intent { act=android.intent.action.MAIN cat=[android.intent.category.LAUNCHER] flg=0x10000000 cmp=com.example.dogglers/androidx.test.core.app.InstrumentationActivityInvoker$EmptyActivity }, activity=androidx.test.core.app.InstrumentationActivityInvoker$EmptyActivity@6d96120
06-25 05:13:08.209 13246 13246 D LifecycleMonitor: Lifecycle status change: androidx.test.core.app.InstrumentationActivityInvoker$EmptyActivity@6d96120 in: STARTED
06-25 05:13:08.210 13246 13246 V ActivityScenario: Activity lifecycle changed event received but ignored because the intent does not match. startActivityIntent=Intent { act=android.intent.action.MAIN cat=[android.intent.category.LAUNCHER] cmp=com.example.dogglers/.VerticalListActivity }, activity.getIntent()=Intent { act=android.intent.action.MAIN cat=[android.intent.category.LAUNCHER] flg=0x10000000 cmp=com.example.dogglers/androidx.test.core.app.InstrumentationActivityInvoker$EmptyActivity }, activity=androidx.test.core.app.InstrumentationActivityInvoker$EmptyActivity@6d96120
06-25 05:13:08.211 13246 13246 D LifecycleMonitor: Lifecycle status change: androidx.test.core.app.InstrumentationActivityInvoker$EmptyActivity@6d96120 in: RESUMED
06-25 05:13:08.212 13246 13246 V ActivityScenario: Activity lifecycle changed event received but ignored because the intent does not match. startActivityIntent=Intent { act=android.intent.action.MAIN cat=[android.intent.category.LAUNCHER] cmp=com.example.dogglers/.VerticalListActivity }, activity.getIntent()=Intent { act=android.intent.action.MAIN cat=[android.intent.category.LAUNCHER] flg=0x10000000 cmp=com.example.dogglers/androidx.test.core.app.InstrumentationActivityInvoker$EmptyActivity }, activity=androidx.test.core.app.InstrumentationActivityInvoker$EmptyActivity@6d96120
06-25 05:13:08.243 13246 13276 W Parcel  : Expecting binder but got null!
06-25 05:13:08.252   687   726 I ActivityTaskManager: Displayed com.example.dogglers/androidx.test.core.app.InstrumentationActivityInvoker$EmptyActivity: +73ms
06-25 05:13:08.266   687   730 W InputManager-JNI: Input channel object 'a6bb066 Splash Screen com.example.dogglers (client)' was disposed without first being removed with the input manager!
06-25 05:13:08.280   417   575 W TransactionTracing: Could not find layer handle 0x7d4c9af27df0
06-25 05:13:08.280   417   575 W TransactionTracing: Could not find layer handle 0x7d4c9af291d0
06-25 05:13:08.280   417   575 W TransactionTracing: Could not find layer handle 0x7d4c9af24e50
06-25 05:13:08.280   417   575 W TransactionTracing: Could not find layer handle 0x7d4c9af27df0
06-25 05:13:08.280   417   575 W TransactionTracing: Could not find layer handle 0x7d4c9af291d0
06-25 05:13:08.280   417   575 W TransactionTracing: Could not find layer id -1
06-25 05:13:08.281   417   575 W TransactionTracing: Could not find layer id -1
06-25 05:13:08.281   417   575 W TransactionTracing: Could not find layer id -1
06-25 05:13:08.281   417   575 W TransactionTracing: Could not find layer id -1
06-25 05:13:08.281   417   575 W TransactionTracing: Could not find layer id -1
06-25 05:13:08.291  3086  3086 I GoogleInputMethodService: GoogleInputMethodService.onFinishInput():3220
06-25 05:13:08.292  3086  3086 I GoogleInputMethodService: GoogleInputMethodService.updateDeviceLockedStatus():2114 repeatCheckTimes = 0, unlocked = true
06-25 05:13:08.292  3086  3086 I GoogleInputMethodService: GoogleInputMethodService.onStartInput():1919 onStartInput(EditorInfo{inputType=0x0(NULL) imeOptions=0x0 privateImeOptions=null actionName=UNSPECIFIED actionLabel=null actionId=0 initialSelStart=-1 initialSelEnd=-1 initialCapsMode=0x0 hintText=null label=null packageName=com.example.dogglers fieldId=-1 fieldName=null extras=null}, false)
06-25 05:13:08.294  3086  3086 I GoogleInputMethodService: GoogleInputMethodService.updateDeviceLockedStatus():2114 repeatCheckTimes = 2, unlocked = true
06-25 05:13:08.298   417   575 W TransactionTracing: Could not find layer handle 0x7d4c9af1ed30
06-25 05:13:08.298   417   575 W TransactionTracing: Could not find layer id -1
06-25 05:13:08.307  1172  1428 D BtGatt.ScanManager: uid 10110 isForeground true scanMode 1
06-25 05:13:08.307  1172  1428 D BtGatt.ScanManager: uid 10110 isForeground true scanMode 2
06-25 05:13:08.307  1172  1428 D BtGatt.ScanManager: uid 10110 isForeground true scanMode -1
06-25 05:13:08.309 13246 13246 D LifecycleMonitor: Lifecycle status change: androidx.test.core.app.InstrumentationActivityInvoker$EmptyActivity@6d96120 in: PAUSED
06-25 05:13:08.309 13246 13246 V ActivityScenario: Activity lifecycle changed event received but ignored because the intent does not match. startActivityIntent=Intent { act=android.intent.action.MAIN cat=[android.intent.category.LAUNCHER] cmp=com.example.dogglers/.VerticalListActivity }, activity.getIntent()=Intent { act=android.intent.action.MAIN cat=[android.intent.category.LAUNCHER] flg=0x10000000 cmp=com.example.dogglers/androidx.test.core.app.InstrumentationActivityInvoker$EmptyActivity }, activity=androidx.test.core.app.InstrumentationActivityInvoker$EmptyActivity@6d96120
06-25 05:13:08.314   417   575 W TransactionTracing: Could not find layer id -1
06-25 05:13:08.327 13246 13246 D LifecycleMonitor: Lifecycle status change: com.example.dogglers.VerticalListActivity@c6d41d7 in: STOPPED
06-25 05:13:08.328 13246 13246 V ActivityScenario: Update currentActivityStage to STOPPED, currentActivity=com.example.dogglers.VerticalListActivity@c6d41d7
06-25 05:13:08.329 13246 13246 D LifecycleMonitor: Lifecycle status change: com.example.dogglers.VerticalListActivity@c6d41d7 in: DESTROYED
06-25 05:13:08.329 13246 13246 V ActivityScenario: Update currentActivityStage to DESTROYED, currentActivity=null
06-25 05:13:08.330   417   575 W TransactionTracing: Could not find layer handle 0x7d4c9af20530
06-25 05:13:08.331   417   575 W TransactionTracing: Could not find layer handle 0x7d4c9af228d0
06-25 05:13:08.332   417   575 W TransactionTracing: Could not find layer id -1
06-25 05:13:08.332   417   575 W TransactionTracing: Could not find layer id -1
06-25 05:13:08.340   687  7524 W InputManager-JNI: Input channel object '4b9ba25 com.example.dogglers/com.example.dogglers.VerticalListActivity (client)' was disposed without first being removed with the input manager!
06-25 05:13:08.344 13246 13246 D LifecycleMonitor: Lifecycle status change: androidx.test.core.app.InstrumentationActivityInvoker$BootstrapActivity@d44e39 in: STOPPED
06-25 05:13:08.344 13246 13246 V ActivityScenario: Activity lifecycle changed event received but ignored because the intent does not match. startActivityIntent=Intent { act=android.intent.action.MAIN cat=[android.intent.category.LAUNCHER] cmp=com.example.dogglers/.VerticalListActivity }, activity.getIntent()=Intent { act=android.intent.action.MAIN cat=[android.intent.category.LAUNCHER] flg=0x10008000 cmp=com.example.dogglers/androidx.test.core.app.InstrumentationActivityInvoker$BootstrapActivity (has extras) }, activity=androidx.test.core.app.InstrumentationActivityInvoker$BootstrapActivity@d44e39
06-25 05:13:08.346 13246 13246 D LifecycleMonitor: Lifecycle status change: androidx.test.core.app.InstrumentationActivityInvoker$BootstrapActivity@d44e39 in: DESTROYED
06-25 05:13:08.347   417   575 W TransactionTracing: Could not find layer handle 0x7d4c9af26110
06-25 05:13:08.347   417   575 W TransactionTracing: Could not find layer handle 0x7d4c9af27310
06-25 05:13:08.347 13246 13246 V ActivityScenario: Activity lifecycle changed event received but ignored because the intent does not match. startActivityIntent=Intent { act=android.intent.action.MAIN cat=[android.intent.category.LAUNCHER] cmp=com.example.dogglers/.VerticalListActivity }, activity.getIntent()=Intent { act=android.intent.action.MAIN cat=[android.intent.category.LAUNCHER] flg=0x10008000 cmp=com.example.dogglers/androidx.test.core.app.InstrumentationActivityInvoker$BootstrapActivity (has extras) }, activity=androidx.test.core.app.InstrumentationActivityInvoker$BootstrapActivity@d44e39
06-25 05:13:08.363   417   575 W TransactionTracing: Could not find layer handle 0x7d4c9af269b0
06-25 05:13:08.370 13246 13246 D LifecycleMonitor: Lifecycle status change: androidx.test.core.app.InstrumentationActivityInvoker$EmptyActivity@6e29c49 in: PRE_ON_CREATE
06-25 05:13:08.372 13246 13246 V ActivityScenario: Activity lifecycle changed event received but ignored because the intent does not match. startActivityIntent=Intent { act=android.intent.action.MAIN cat=[android.intent.category.LAUNCHER] cmp=com.example.dogglers/.VerticalListActivity }, activity.getIntent()=Intent { act=android.intent.action.MAIN cat=[android.intent.category.LAUNCHER] flg=0x10000000 cmp=com.example.dogglers/androidx.test.core.app.InstrumentationActivityInvoker$EmptyActivity }, activity=androidx.test.core.app.InstrumentationActivityInvoker$EmptyActivity@6e29c49
06-25 05:13:08.392 13246 13246 D LifecycleMonitor: Lifecycle status change: androidx.test.core.app.InstrumentationActivityInvoker$EmptyActivity@6e29c49 in: CREATED
06-25 05:13:08.393 13246 13246 V ActivityScenario: Activity lifecycle changed event received but ignored because the intent does not match. startActivityIntent=Intent { act=android.intent.action.MAIN cat=[android.intent.category.LAUNCHER] cmp=com.example.dogglers/.VerticalListActivity }, activity.getIntent()=Intent { act=android.intent.action.MAIN cat=[android.intent.category.LAUNCHER] flg=0x10000000 cmp=com.example.dogglers/androidx.test.core.app.InstrumentationActivityInvoker$EmptyActivity }, activity=androidx.test.core.app.InstrumentationActivityInvoker$EmptyActivity@6e29c49
06-25 05:13:08.394 13246 13246 D LifecycleMonitor: Lifecycle status change: androidx.test.core.app.InstrumentationActivityInvoker$EmptyActivity@6e29c49 in: STARTED
06-25 05:13:08.395 13246 13246 V ActivityScenario: Activity lifecycle changed event received but ignored because the intent does not match. startActivityIntent=Intent { act=android.intent.action.MAIN cat=[android.intent.category.LAUNCHER] cmp=com.example.dogglers/.VerticalListActivity }, activity.getIntent()=Intent { act=android.intent.action.MAIN cat=[android.intent.category.LAUNCHER] flg=0x10000000 cmp=com.example.dogglers/androidx.test.core.app.InstrumentationActivityInvoker$EmptyActivity }, activity=androidx.test.core.app.InstrumentationActivityInvoker$EmptyActivity@6e29c49
06-25 05:13:08.400 13246 13246 D LifecycleMonitor: Lifecycle status change: androidx.test.core.app.InstrumentationActivityInvoker$EmptyActivity@6e29c49 in: RESUMED
06-25 05:13:08.400 13246 13246 V ActivityScenario: Activity lifecycle changed event received but ignored because the intent does not match. startActivityIntent=Intent { act=android.intent.action.MAIN cat=[android.intent.category.LAUNCHER] cmp=com.example.dogglers/.VerticalListActivity }, activity.getIntent()=Intent { act=android.intent.action.MAIN cat=[android.intent.category.LAUNCHER] flg=0x10000000 cmp=com.example.dogglers/androidx.test.core.app.InstrumentationActivityInvoker$EmptyActivity }, activity=androidx.test.core.app.InstrumentationActivityInvoker$EmptyActivity@6e29c49
06-25 05:13:08.436 13246 13276 W Parcel  : Expecting binder but got null!
06-25 05:13:08.441   687   726 I ActivityTaskManager: Displayed com.example.dogglers/androidx.test.core.app.InstrumentationActivityInvoker$EmptyActivity: +169ms
06-25 05:13:08.454 13246 13246 D LifecycleMonitor: Lifecycle status change: androidx.test.core.app.InstrumentationActivityInvoker$EmptyActivity@6d96120 in: STOPPED
06-25 05:13:08.454 13246 13246 V ActivityScenario: Activity lifecycle changed event received but ignored because the intent does not match. startActivityIntent=Intent { act=android.intent.action.MAIN cat=[android.intent.category.LAUNCHER] cmp=com.example.dogglers/.VerticalListActivity }, activity.getIntent()=Intent { act=android.intent.action.MAIN cat=[android.intent.category.LAUNCHER] flg=0x10000000 cmp=com.example.dogglers/androidx.test.core.app.InstrumentationActivityInvoker$EmptyActivity }, activity=androidx.test.core.app.InstrumentationActivityInvoker$EmptyActivity@6d96120
06-25 05:13:08.472  3086  3086 I GoogleInputMethodService: GoogleInputMethodService.onFinishInput():3220
06-25 05:13:08.474 13246 13246 D LifecycleMonitor: Lifecycle status change: androidx.test.core.app.InstrumentationActivityInvoker$EmptyActivity@6d96120 in: DESTROYED
06-25 05:13:08.474  3086  3086 I GoogleInputMethodService: GoogleInputMethodService.updateDeviceLockedStatus():2114 repeatCheckTimes = 0, unlocked = true
06-25 05:13:08.474  3086  3086 I GoogleInputMethodService: GoogleInputMethodService.onStartInput():1919 onStartInput(EditorInfo{inputType=0x0(NULL) imeOptions=0x0 privateImeOptions=null actionName=UNSPECIFIED actionLabel=null actionId=0 initialSelStart=-1 initialSelEnd=-1 initialCapsMode=0x0 hintText=null label=null packageName=com.example.dogglers fieldId=-1 fieldName=null extras=null}, false)
06-25 05:13:08.475 13246 13246 V ActivityScenario: Activity lifecycle changed event received but ignored because the intent does not match. startActivityIntent=Intent { act=android.intent.action.MAIN cat=[android.intent.category.LAUNCHER] cmp=com.example.dogglers/.VerticalListActivity }, activity.getIntent()=Intent { act=android.intent.action.MAIN cat=[android.intent.category.LAUNCHER] flg=0x10000000 cmp=com.example.dogglers/androidx.test.core.app.InstrumentationActivityInvoker$EmptyActivity }, activity=androidx.test.core.app.InstrumentationActivityInvoker$EmptyActivity@6d96120
06-25 05:13:08.476  3086  3086 I GoogleInputMethodService: GoogleInputMethodService.updateDeviceLockedStatus():2114 repeatCheckTimes = 2, unlocked = true
06-25 05:13:08.488   687  2122 W InputManager-JNI: Input channel object 'd546749 com.example.dogglers/androidx.test.core.app.InstrumentationActivityInvoker$EmptyActivity (client)' was disposed without first being removed with the input manager!
06-25 05:13:08.495 13246 13246 D LifecycleMonitor: Lifecycle status change: androidx.test.core.app.InstrumentationActivityInvoker$EmptyActivity@6e29c49 in: PAUSED
06-25 05:13:08.497 13246 13246 V ActivityScenario: Activity lifecycle changed event received but ignored because the intent does not match. startActivityIntent=Intent { act=android.intent.action.MAIN cat=[android.intent.category.LAUNCHER] cmp=com.example.dogglers/.VerticalListActivity }, activity.getIntent()=Intent { act=android.intent.action.MAIN cat=[android.intent.category.LAUNCHER] flg=0x10000000 cmp=com.example.dogglers/androidx.test.core.app.InstrumentationActivityInvoker$EmptyActivity }, activity=androidx.test.core.app.InstrumentationActivityInvoker$EmptyActivity@6e29c49
06-25 05:13:08.498   417   575 W TransactionTracing: Could not find layer handle 0x7d4c9af22e70
06-25 05:13:08.498   417   575 W TransactionTracing: Could not find layer handle 0x7d4c9af264d0
06-25 05:13:08.498   417   575 W TransactionTracing: Could not find layer id -1
06-25 05:13:08.498   417   575 W TransactionTracing: Could not find layer id -1
06-25 05:13:08.516   417   575 W TransactionTracing: Could not find layer handle 0x7d4c9af28090
06-25 05:13:08.521 13246 13273 I TestRunner: finished: recycler_view_item_count(com.example.dogglers.VerticalListTests)
