06-25 05:13:01.166 13246 13246 D LifecycleMonitor: Lifecycle status change: androidx.test.core.app.InstrumentationActivityInvoker$BootstrapActivity@8148c9c in: STOPPED
06-25 05:13:01.168 13246 13246 V ActivityScenario: Activity lifecycle changed event received but ignored because the intent does not match. startActivityIntent=Intent { act=android.intent.action.MAIN cat=[android.intent.category.LAUNCHER] cmp=com.example.dogglers/.GridListActivity }, activity.getIntent()=Intent { act=android.intent.action.MAIN cat=[android.intent.category.LAUNCHER] flg=0x10008000 cmp=com.example.dogglers/androidx.test.core.app.InstrumentationActivityInvoker$BootstrapActivity (has extras) }, activity=androidx.test.core.app.InstrumentationActivityInvoker$BootstrapActivity@8148c9c
06-25 05:13:01.180   417   575 W TransactionTracing: Could not find layer id -1
06-25 05:13:01.184 13246 13246 I ViewInteraction: Performing 'scroll RecyclerView to position: 5' action on view view.getId() is <2131230937/com.example.dogglers:id/grid_recycler_view>
06-25 05:13:01.192  1172  1428 D BtGatt.ScanManager: uid 10110 isForeground true scanMode 1
06-25 05:13:01.192  1172  1428 D BtGatt.ScanManager: uid 10110 isForeground true scanMode 2
06-25 05:13:01.192  1172  1428 D BtGatt.ScanManager: uid 10110 isForeground true scanMode -1
06-25 05:13:01.197   417   575 W TransactionTracing: Could not find layer handle 0x7d4c9af277f0
06-25 05:13:01.199 13246 13246 I ViewInteraction: Checking 'MatchesViewAssertion{viewMatcher=(view has effective visibility <VISIBLE> and view.getGlobalVisibleRect() to return non-empty rectangle)}' assertion on view an instance of android.widget.TextView and view.getText() with or without transformation to match: is "Bella"
06-25 05:13:01.214   417   575 W TransactionTracing: Could not find layer handle 0x7d4c9af24730
06-25 05:13:01.214   417   575 W TransactionTracing: Could not find layer handle 0x7d4c9af1f570
06-25 05:13:01.280 13246 13246 D LifecycleMonitor: Lifecycle status change: com.example.dogglers.GridListActivity@48afed2 in: PAUSED
06-25 05:13:01.282 13246 13246 V ActivityScenario: Update currentActivityStage to PAUSED, currentActivity=com.example.dogglers.GridListActivity@48afed2
06-25 05:13:01.292 13246 13246 D LifecycleMonitor: Lifecycle status change: androidx.test.core.app.InstrumentationActivityInvoker$EmptyActivity@58d87 in: PRE_ON_CREATE
06-25 05:13:01.293 13246 13246 V ActivityScenario: Activity lifecycle changed event received but ignored because the intent does not match. startActivityIntent=Intent { act=android.intent.action.MAIN cat=[android.intent.category.LAUNCHER] cmp=com.example.dogglers/.GridListActivity }, activity.getIntent()=Intent { act=android.intent.action.MAIN cat=[android.intent.category.LAUNCHER] flg=0x10000000 cmp=com.example.dogglers/androidx.test.core.app.InstrumentationActivityInvoker$EmptyActivity }, activity=androidx.test.core.app.InstrumentationActivityInvoker$EmptyActivity@58d87
06-25 05:13:01.303 13246 13246 D LifecycleMonitor: Lifecycle status change: androidx.test.core.app.InstrumentationActivityInvoker$EmptyActivity@58d87 in: CREATED
06-25 05:13:01.304 13246 13246 V ActivityScenario: Activity lifecycle changed event received but ignored because the intent does not match. startActivityIntent=Intent { act=android.intent.action.MAIN cat=[android.intent.category.LAUNCHER] cmp=com.example.dogglers/.GridListActivity }, activity.getIntent()=Intent { act=android.intent.action.MAIN cat=[android.intent.category.LAUNCHER] flg=0x10000000 cmp=com.example.dogglers/androidx.test.core.app.InstrumentationActivityInvoker$EmptyActivity }, activity=androidx.test.core.app.InstrumentationActivityInvoker$EmptyActivity@58d87
06-25 05:13:01.305 13246 13246 D LifecycleMonitor: Lifecycle status change: androidx.test.core.app.InstrumentationActivityInvoker$EmptyActivity@58d87 in: STARTED
06-25 05:13:01.305 13246 13246 V ActivityScenario: Activity lifecycle changed event received but ignored because the intent does not match. startActivityIntent=Intent { act=android.intent.action.MAIN cat=[android.intent.category.LAUNCHER] cmp=com.example.dogglers/.GridListActivity }, activity.getIntent()=Intent { act=android.intent.action.MAIN cat=[android.intent.category.LAUNCHER] flg=0x10000000 cmp=com.example.dogglers/androidx.test.core.app.InstrumentationActivityInvoker$EmptyActivity }, activity=androidx.test.core.app.InstrumentationActivityInvoker$EmptyActivity@58d87
06-25 05:13:01.307 13246 13246 D LifecycleMonitor: Lifecycle status change: androidx.test.core.app.InstrumentationActivityInvoker$EmptyActivity@58d87 in: RESUMED
06-25 05:13:01.308 13246 13246 V ActivityScenario: Activity lifecycle changed event received but ignored because the intent does not match. startActivityIntent=Intent { act=android.intent.action.MAIN cat=[android.intent.category.LAUNCHER] cmp=com.example.dogglers/.GridListActivity }, activity.getIntent()=Intent { act=android.intent.action.MAIN cat=[android.intent.category.LAUNCHER] flg=0x10000000 cmp=com.example.dogglers/androidx.test.core.app.InstrumentationActivityInvoker$EmptyActivity }, activity=androidx.test.core.app.InstrumentationActivityInvoker$EmptyActivity@58d87
06-25 05:13:01.337 13246 13276 W Parcel  : Expecting binder but got null!
06-25 05:13:01.340   687   730 W InputManager-JNI: Input channel object '591dfe9 Splash Screen com.example.dogglers (client)' was disposed without first being removed with the input manager!
06-25 05:13:01.341   687   726 I ActivityTaskManager: Displayed com.example.dogglers/androidx.test.core.app.InstrumentationActivityInvoker$EmptyActivity: +68ms
06-25 05:13:01.347   417   575 W TransactionTracing: Could not find layer handle 0x7d4c9af26110
06-25 05:13:01.347   417   575 W TransactionTracing: Could not find layer handle 0x7d4c9af26110
06-25 05:13:01.347   417   575 W TransactionTracing: Could not find layer handle 0x7d4c9af22930
06-25 05:13:01.347   417   575 W TransactionTracing: Could not find layer handle 0x7d4c9af238f0
06-25 05:13:01.348   417   575 W TransactionTracing: Could not find layer id -1
06-25 05:13:01.348   417   575 W TransactionTracing: Could not find layer id -1
06-25 05:13:01.362 13246 13246 D LifecycleMonitor: Lifecycle status change: com.example.dogglers.GridListActivity@48afed2 in: STOPPED
06-25 05:13:01.363 13246 13246 V ActivityScenario: Update currentActivityStage to STOPPED, currentActivity=com.example.dogglers.GridListActivity@48afed2
06-25 05:13:01.367 13246 13246 D LifecycleMonitor: Lifecycle status change: com.example.dogglers.GridListActivity@48afed2 in: DESTROYED
06-25 05:13:01.367 13246 13246 V ActivityScenario: Update currentActivityStage to DESTROYED, currentActivity=null
06-25 05:13:01.373   687  2149 W InputManager-JNI: Input channel object '986702c com.example.dogglers/com.example.dogglers.GridListActivity (client)' was disposed without first being removed with the input manager!
06-25 05:13:01.380   417   575 W TransactionTracing: Could not find layer handle 0x7d4c9af27c70
06-25 05:13:01.380   417   575 W TransactionTracing: Could not find layer handle 0x7d4c9af28e10
06-25 05:13:01.380   417   575 W TransactionTracing: Could not find layer id -1
06-25 05:13:01.380   417   575 W TransactionTracing: Could not find layer id -1
06-25 05:13:01.381   417   575 W TransactionTracing: Could not find layer id -1
06-25 05:13:01.384  3086  3086 I GoogleInputMethodService: GoogleInputMethodService.onFinishInput():3220
06-25 05:13:01.384 13246 13246 D LifecycleMonitor: Lifecycle status change: androidx.test.core.app.InstrumentationActivityInvoker$EmptyActivity@58d87 in: PAUSED
06-25 05:13:01.386 13246 13246 V ActivityScenario: Activity lifecycle changed event received but ignored because the intent does not match. startActivityIntent=Intent { act=android.intent.action.MAIN cat=[android.intent.category.LAUNCHER] cmp=com.example.dogglers/.GridListActivity }, activity.getIntent()=Intent { act=android.intent.action.MAIN cat=[android.intent.category.LAUNCHER] flg=0x10000000 cmp=com.example.dogglers/androidx.test.core.app.InstrumentationActivityInvoker$EmptyActivity }, activity=androidx.test.core.app.InstrumentationActivityInvoker$EmptyActivity@58d87
06-25 05:13:01.387  3086  3086 I GoogleInputMethodService: GoogleInputMethodService.updateDeviceLockedStatus():2114 repeatCheckTimes = 0, unlocked = true
06-25 05:13:01.388  3086  3086 I GoogleInputMethodService: GoogleInputMethodService.onStartInput():1919 onStartInput(EditorInfo{inputType=0x0(NULL) imeOptions=0x0 privateImeOptions=null actionName=UNSPECIFIED actionLabel=null actionId=0 initialSelStart=-1 initialSelEnd=-1 initialCapsMode=0x0 hintText=null label=null packageName=com.example.dogglers fieldId=-1 fieldName=null extras=null}, false)
06-25 05:13:01.389  3086  3086 I GoogleInputMethodService: GoogleInputMethodService.updateDeviceLockedStatus():2114 repeatCheckTimes = 2, unlocked = true
06-25 05:13:01.396 13246 13246 D LifecycleMonitor: Lifecycle status change: androidx.test.core.app.InstrumentationActivityInvoker$BootstrapActivity@8148c9c in: DESTROYED
06-25 05:13:01.397 13246 13246 V ActivityScenario: Activity lifecycle changed event received but ignored because the intent does not match. startActivityIntent=Intent { act=android.intent.action.MAIN cat=[android.intent.category.LAUNCHER] cmp=com.example.dogglers/.GridListActivity }, activity.getIntent()=Intent { act=android.intent.action.MAIN cat=[android.intent.category.LAUNCHER] flg=0x10008000 cmp=com.example.dogglers/androidx.test.core.app.InstrumentationActivityInvoker$BootstrapActivity (has extras) }, activity=androidx.test.core.app.InstrumentationActivityInvoker$BootstrapActivity@8148c9c
06-25 05:13:01.398   417   575 W TransactionTracing: Could not find layer handle 0x7d4c9af26c50
06-25 05:13:01.398   417   575 W TransactionTracing: Could not find layer handle 0x7d4c9af2a430
06-25 05:13:01.398   417   575 W TransactionTracing: Could not find layer id -1
06-25 05:13:01.399   417   575 W TransactionTracing: Could not find layer id -1
06-25 05:13:01.405 13246 13246 D LifecycleMonitor: Lifecycle status change: androidx.test.core.app.InstrumentationActivityInvoker$EmptyActivity@e645680 in: PRE_ON_CREATE
06-25 05:13:01.408 13246 13246 V ActivityScenario: Activity lifecycle changed event received but ignored because the intent does not match. startActivityIntent=Intent { act=android.intent.action.MAIN cat=[android.intent.category.LAUNCHER] cmp=com.example.dogglers/.GridListActivity }, activity.getIntent()=Intent { act=android.intent.action.MAIN cat=[android.intent.category.LAUNCHER] flg=0x10000000 cmp=com.example.dogglers/androidx.test.core.app.InstrumentationActivityInvoker$EmptyActivity }, activity=androidx.test.core.app.InstrumentationActivityInvoker$EmptyActivity@e645680
06-25 05:13:01.414   417   575 W TransactionTracing: Could not find layer handle 0x7d4c9af29d70
06-25 05:13:01.416 13246 13246 D LifecycleMonitor: Lifecycle status change: androidx.test.core.app.InstrumentationActivityInvoker$EmptyActivity@e645680 in: CREATED
06-25 05:13:01.416 13246 13246 V ActivityScenario: Activity lifecycle changed event received but ignored because the intent does not match. startActivityIntent=Intent { act=android.intent.action.MAIN cat=[android.intent.category.LAUNCHER] cmp=com.example.dogglers/.GridListActivity }, activity.getIntent()=Intent { act=android.intent.action.MAIN cat=[android.intent.category.LAUNCHER] flg=0x10000000 cmp=com.example.dogglers/androidx.test.core.app.InstrumentationActivityInvoker$EmptyActivity }, activity=androidx.test.core.app.InstrumentationActivityInvoker$EmptyActivity@e645680
06-25 05:13:01.418 13246 13246 D LifecycleMonitor: Lifecycle status change: androidx.test.core.app.InstrumentationActivityInvoker$EmptyActivity@e645680 in: STARTED
06-25 05:13:01.419 13246 13246 V ActivityScenario: Activity lifecycle changed event received but ignored because the intent does not match. startActivityIntent=Intent { act=android.intent.action.MAIN cat=[android.intent.category.LAUNCHER] cmp=com.example.dogglers/.GridListActivity }, activity.getIntent()=Intent { act=android.intent.action.MAIN cat=[android.intent.category.LAUNCHER] flg=0x10000000 cmp=com.example.dogglers/androidx.test.core.app.InstrumentationActivityInvoker$EmptyActivity }, activity=androidx.test.core.app.InstrumentationActivityInvoker$EmptyActivity@e645680
06-25 05:13:01.421 13246 13246 D LifecycleMonitor: Lifecycle status change: androidx.test.core.app.InstrumentationActivityInvoker$EmptyActivity@e645680 in: RESUMED
06-25 05:13:01.422 13246 13246 V ActivityScenario: Activity lifecycle changed event received but ignored because the intent does not match. startActivityIntent=Intent { act=android.intent.action.MAIN cat=[android.intent.category.LAUNCHER] cmp=com.example.dogglers/.GridListActivity }, activity.getIntent()=Intent { act=android.intent.action.MAIN cat=[android.intent.category.LAUNCHER] flg=0x10000000 cmp=com.example.dogglers/androidx.test.core.app.InstrumentationActivityInvoker$EmptyActivity }, activity=androidx.test.core.app.InstrumentationActivityInvoker$EmptyActivity@e645680
06-25 05:13:01.446 13246 13276 W Parcel  : Expecting binder but got null!
06-25 05:13:01.447   417   575 W TransactionTracing: Could not find layer id -1
06-25 05:13:01.447   417   575 W TransactionTracing: Could not find layer id -1
06-25 05:13:01.453   687   726 I ActivityTaskManager: Displayed com.example.dogglers/androidx.test.core.app.InstrumentationActivityInvoker$EmptyActivity: +96ms
06-25 05:13:01.464   417   575 W TransactionTracing: Could not find layer handle 0x7d4c9af16e10
06-25 05:13:01.464   417   575 W TransactionTracing: Could not find layer handle 0x7d4c9af27430
06-25 05:13:01.464   417   575 W TransactionTracing: Could not find layer id -1
06-25 05:13:01.475 13246 13246 D LifecycleMonitor: Lifecycle status change: androidx.test.core.app.InstrumentationActivityInvoker$EmptyActivity@58d87 in: STOPPED
06-25 05:13:01.475 13246 13246 V ActivityScenario: Activity lifecycle changed event received but ignored because the intent does not match. startActivityIntent=Intent { act=android.intent.action.MAIN cat=[android.intent.category.LAUNCHER] cmp=com.example.dogglers/.GridListActivity }, activity.getIntent()=Intent { act=android.intent.action.MAIN cat=[android.intent.category.LAUNCHER] flg=0x10000000 cmp=com.example.dogglers/androidx.test.core.app.InstrumentationActivityInvoker$EmptyActivity }, activity=androidx.test.core.app.InstrumentationActivityInvoker$EmptyActivity@58d87
06-25 05:13:01.485 13246 13246 D LifecycleMonitor: Lifecycle status change: androidx.test.core.app.InstrumentationActivityInvoker$EmptyActivity@58d87 in: DESTROYED
06-25 05:13:01.485 13246 13246 V ActivityScenario: Activity lifecycle changed event received but ignored because the intent does not match. startActivityIntent=Intent { act=android.intent.action.MAIN cat=[android.intent.category.LAUNCHER] cmp=com.example.dogglers/.GridListActivity }, activity.getIntent()=Intent { act=android.intent.action.MAIN cat=[android.intent.category.LAUNCHER] flg=0x10000000 cmp=com.example.dogglers/androidx.test.core.app.InstrumentationActivityInvoker$EmptyActivity }, activity=androidx.test.core.app.InstrumentationActivityInvoker$EmptyActivity@58d87
06-25 05:13:01.489   687  2149 W InputManager-JNI: Input channel object '26d77d5 com.example.dogglers/androidx.test.core.app.InstrumentationActivityInvoker$EmptyActivity (client)' was disposed without first being removed with the input manager!
06-25 05:13:01.496 13246 13246 D LifecycleMonitor: Lifecycle status change: androidx.test.core.app.InstrumentationActivityInvoker$EmptyActivity@e645680 in: PAUSED
06-25 05:13:01.496 13246 13246 V ActivityScenario: Activity lifecycle changed event received but ignored because the intent does not match. startActivityIntent=Intent { act=android.intent.action.MAIN cat=[android.intent.category.LAUNCHER] cmp=com.example.dogglers/.GridListActivity }, activity.getIntent()=Intent { act=android.intent.action.MAIN cat=[android.intent.category.LAUNCHER] flg=0x10000000 cmp=com.example.dogglers/androidx.test.core.app.InstrumentationActivityInvoker$EmptyActivity }, activity=androidx.test.core.app.InstrumentationActivityInvoker$EmptyActivity@e645680
06-25 05:13:01.497   417   575 W TransactionTracing: Could not find layer handle 0x7d4c9af23710
06-25 05:13:01.497   417   575 W TransactionTracing: Could not find layer handle 0x7d4c9af24a90
06-25 05:13:01.497   417   575 W TransactionTracing: Could not find layer handle 0x7d4c9af245b0
06-25 05:13:01.498   417   575 W TransactionTracing: Could not find layer id -1
06-25 05:13:01.498   417   575 W TransactionTracing: Could not find layer id -1
06-25 05:13:01.506 13246 13273 I TestRunner: finished: grid_list_content_at_last_position(com.example.dogglers.GridListTests)
