06-25 05:13:01.973 13246 13273 I TestRunner: started: grid_list_content_at_first_position(com.example.dogglers.GridListTests)
06-25 05:13:01.977 13246 13273 W Settings: Setting always_finish_activities has moved from android.provider.Settings.System to android.provider.Settings.Global, returning read-only value.
06-25 05:13:01.996   943  1311 D SplashScreenView: Build android.window.SplashScreenView{6f5d638 V.E...... ......ID 0,0-0,0}
06-25 05:13:01.996   943  1311 D SplashScreenView: Icon: view: null drawable: null size: 0
06-25 05:13:01.996   943  1311 D SplashScreenView: Branding: view: android.view.View{5417611 G.ED..... ......I. 0,0-0,0 #10204db android:id/splashscreen_branding_view} drawable: null size w: 0 h: 0
06-25 05:13:02.059   943  1326 W Parcel  : Expecting binder but got null!
06-25 05:13:02.077 13246 13246 D LifecycleMonitor: Lifecycle status change: androidx.test.core.app.InstrumentationActivityInvoker$BootstrapActivity@dde2562 in: PRE_ON_CREATE
06-25 05:13:02.077 13246 13246 V ActivityScenario: Activity lifecycle changed event received but ignored because the intent does not match. startActivityIntent=Intent { act=android.intent.action.MAIN cat=[android.intent.category.LAUNCHER] cmp=com.example.dogglers/.GridListActivity }, activity.getIntent()=Intent { act=android.intent.action.MAIN cat=[android.intent.category.LAUNCHER] flg=0x10008000 cmp=com.example.dogglers/androidx.test.core.app.InstrumentationActivityInvoker$BootstrapActivity (has extras) }, activity=androidx.test.core.app.InstrumentationActivityInvoker$BootstrapActivity@dde2562
06-25 05:13:02.088 13246 13246 D LifecycleMonitor: Lifecycle status change: androidx.test.core.app.InstrumentationActivityInvoker$BootstrapActivity@dde2562 in: CREATED
06-25 05:13:02.088 13246 13246 V ActivityScenario: Activity lifecycle changed event received but ignored because the intent does not match. startActivityIntent=Intent { act=android.intent.action.MAIN cat=[android.intent.category.LAUNCHER] cmp=com.example.dogglers/.GridListActivity }, activity.getIntent()=Intent { act=android.intent.action.MAIN cat=[android.intent.category.LAUNCHER] flg=0x10008000 cmp=com.example.dogglers/androidx.test.core.app.InstrumentationActivityInvoker$BootstrapActivity (has extras) }, activity=androidx.test.core.app.InstrumentationActivityInvoker$BootstrapActivity@dde2562
06-25 05:13:02.089 13246 13246 D LifecycleMonitor: Lifecycle status change: androidx.test.core.app.InstrumentationActivityInvoker$BootstrapActivity@dde2562 in: STARTED
06-25 05:13:02.089 13246 13246 V ActivityScenario: Activity lifecycle changed event received but ignored because the intent does not match. startActivityIntent=Intent { act=android.intent.action.MAIN cat=[android.intent.category.LAUNCHER] cmp=com.example.dogglers/.GridListActivity }, activity.getIntent()=Intent { act=android.intent.action.MAIN cat=[android.intent.category.LAUNCHER] flg=0x10008000 cmp=com.example.dogglers/androidx.test.core.app.InstrumentationActivityInvoker$BootstrapActivity (has extras) }, activity=androidx.test.core.app.InstrumentationActivityInvoker$BootstrapActivity@dde2562
06-25 05:13:02.105 13246 13246 D LifecycleMonitor: Lifecycle status change: androidx.test.core.app.InstrumentationActivityInvoker$BootstrapActivity@dde2562 in: RESUMED
06-25 05:13:02.105 13246 13246 V ActivityScenario: Activity lifecycle changed event received but ignored because the intent does not match. startActivityIntent=Intent { act=android.intent.action.MAIN cat=[android.intent.category.LAUNCHER] cmp=com.example.dogglers/.GridListActivity }, activity.getIntent()=Intent { act=android.intent.action.MAIN cat=[android.intent.category.LAUNCHER] flg=0x10008000 cmp=com.example.dogglers/androidx.test.core.app.InstrumentationActivityInvoker$BootstrapActivity (has extras) }, activity=androidx.test.core.app.InstrumentationActivityInvoker$BootstrapActivity@dde2562
06-25 05:13:02.109 13246 13246 D LifecycleMonitor: Lifecycle status change: androidx.test.core.app.InstrumentationActivityInvoker$BootstrapActivity@dde2562 in: PAUSED
06-25 05:13:02.109 13246 13246 V ActivityScenario: Activity lifecycle changed event received but ignored because the intent does not match. startActivityIntent=Intent { act=android.intent.action.MAIN cat=[android.intent.category.LAUNCHER] cmp=com.example.dogglers/.GridListActivity }, activity.getIntent()=Intent { act=android.intent.action.MAIN cat=[android.intent.category.LAUNCHER] flg=0x10008000 cmp=com.example.dogglers/androidx.test.core.app.InstrumentationActivityInvoker$BootstrapActivity (has extras) }, activity=androidx.test.core.app.InstrumentationActivityInvoker$BootstrapActivity@dde2562
06-25 05:13:02.132  2617  2617 I GsaVoiceInteractionSrv: Handling ACTION_STOP_HOTWORD
06-25 05:13:02.137  2617  3702 E HwDetectorWithState: a: 3
06-25 05:13:02.144 13246 13246 D LifecycleMonitor: Lifecycle status change: com.example.dogglers.GridListActivity@32e74c8 in: PRE_ON_CREATE
06-25 05:13:02.144 13246 13246 V ActivityScenario: Activity lifecycle changed event received but ignored because the reported transition was not ON_CREATE while the last known transition was PRE_ON_CREATE
06-25 05:13:02.162 13246 13246 D LifecycleMonitor: Lifecycle status change: com.example.dogglers.GridListActivity@32e74c8 in: CREATED
06-25 05:13:02.162 13246 13246 V ActivityScenario: Update currentActivityStage to CREATED, currentActivity=com.example.dogglers.GridListActivity@32e74c8
06-25 05:13:02.173 13246 13246 D LifecycleMonitor: Lifecycle status change: com.example.dogglers.GridListActivity@32e74c8 in: STARTED
06-25 05:13:02.173 13246 13246 V ActivityScenario: Update currentActivityStage to STARTED, currentActivity=com.example.dogglers.GridListActivity@32e74c8
06-25 05:13:02.175 13246 13246 D LifecycleMonitor: Lifecycle status change: com.example.dogglers.GridListActivity@32e74c8 in: RESUMED
06-25 05:13:02.175 13246 13246 V ActivityScenario: Update currentActivityStage to RESUMED, currentActivity=com.example.dogglers.GridListActivity@32e74c8
06-25 05:13:02.215   417   575 W TransactionTracing: Could not find layer id -1
06-25 05:13:02.215   417   575 W TransactionTracing: Could not find layer id -1
06-25 05:13:02.285 13246 13276 W Parcel  : Expecting binder but got null!
06-25 05:13:02.291   687   726 W ziparchive: Unable to open '/data/app/~~s1DyhpIMl2M8Tzq-XO1Nwg==/com.example.dogglers-JSBucVTvcMG97SpM-iy7Vg==/base.dm': No such file or directory
06-25 05:13:02.292   687   726 I ActivityTaskManager: Displayed com.example.dogglers/.GridListActivity: +305ms
06-25 05:13:02.294 13246 13246 D RootViewPicker: Root not ready - waiting: 10ms for one to appear.
06-25 05:13:02.309  3086  3086 I GoogleInputMethodService: GoogleInputMethodService.onFinishInput():3220
06-25 05:13:02.311  3086  3086 I GoogleInputMethodService: GoogleInputMethodService.updateDeviceLockedStatus():2114 repeatCheckTimes = 0, unlocked = true
06-25 05:13:02.311  3086  3086 I GoogleInputMethodService: GoogleInputMethodService.onStartInput():1919 onStartInput(EditorInfo{inputType=0x0(NULL) imeOptions=0x0 privateImeOptions=null actionName=UNSPECIFIED actionLabel=null actionId=0 initialSelStart=-1 initialSelEnd=-1 initialCapsMode=0x0 hintText=null label=null packageName=com.example.dogglers fieldId=-1 fieldName=null extras=null}, false)
06-25 05:13:02.313  3086  3086 I GoogleInputMethodService: GoogleInputMethodService.updateDeviceLockedStatus():2114 repeatCheckTimes = 2, unlocked = true
06-25 05:13:02.315   417   575 W TransactionTracing: Could not find layer id -1
06-25 05:13:02.331   417   575 W TransactionTracing: Could not find layer handle 0x7d4c9af26cb0
06-25 05:13:02.341 13246 13246 I ViewInteraction: Checking 'MatchesViewAssertion{viewMatcher=(view has effective visibility <VISIBLE> and view.getGlobalVisibleRect() to return non-empty rectangle)}' assertion on view an instance of android.widget.TextView and view.getText() with or without transformation to match: is "Tzeitel"
06-25 05:13:02.343 13246 13246 I ViewInteraction: Checking 'MatchesViewAssertion{viewMatcher=(view has effective visibility <VISIBLE> and view.getGlobalVisibleRect() to return non-empty rectangle)}' assertion on view an instance of android.widget.TextView and view.getText() with or without transformation to match: is "Age: 7"
06-25 05:13:02.347 13246 13246 I ViewInteraction: Checking 'MatchesViewAssertion{viewMatcher=(view has effective visibility <VISIBLE> and view.getGlobalVisibleRect() to return non-empty rectangle)}' assertion on view an instance of android.widget.TextView and view.getText() with or without transformation to match: is "Hobbies: sunbathing"
06-25 05:13:02.359  1172  1428 D BtGatt.ScanManager: uid 10110 isForeground true scanMode 1
06-25 05:13:02.359  1172  1428 D BtGatt.ScanManager: uid 10110 isForeground true scanMode 2
06-25 05:13:02.360  1172  1428 D BtGatt.ScanManager: uid 10110 isForeground true scanMode -1
06-25 05:13:02.360 13246 13246 D LifecycleMonitor: Lifecycle status change: androidx.test.core.app.InstrumentationActivityInvoker$BootstrapActivity@dde2562 in: STOPPED
06-25 05:13:02.360 13246 13246 V ActivityScenario: Activity lifecycle changed event received but ignored because the intent does not match. startActivityIntent=Intent { act=android.intent.action.MAIN cat=[android.intent.category.LAUNCHER] cmp=com.example.dogglers/.GridListActivity }, activity.getIntent()=Intent { act=android.intent.action.MAIN cat=[android.intent.category.LAUNCHER] flg=0x10008000 cmp=com.example.dogglers/androidx.test.core.app.InstrumentationActivityInvoker$BootstrapActivity (has extras) }, activity=androidx.test.core.app.InstrumentationActivityInvoker$BootstrapActivity@dde2562
06-25 05:13:02.398   417   575 W TransactionTracing: Could not find layer handle 0x7d4c9af2a490
06-25 05:13:02.398   417   575 W TransactionTracing: Could not find layer id -1
06-25 05:13:02.398   417   575 W TransactionTracing: Could not find layer id -1
06-25 05:13:02.398   417   575 W TransactionTracing: Could not find layer id -1
06-25 05:13:02.398   417   575 W TransactionTracing: Could not find layer id -1
06-25 05:13:02.414   417   575 W TransactionTracing: Could not find layer handle 0x7d4c9af264d0
06-25 05:13:02.414   417   575 W TransactionTracing: Could not find layer handle 0x7d4c9af1f810
06-25 05:13:02.515 13246 13246 I ViewInteraction: Checking 'MatchesViewAssertion{viewMatcher=(view has effective visibility <VISIBLE> and view.getGlobalVisibleRect() to return non-empty rectangle)}' assertion on view has drawable resource 2131165345
06-25 05:13:02.531   417   575 W TransactionTracing: Could not find layer id -1
06-25 05:13:02.531   417   575 W TransactionTracing: Could not find layer id -1
06-25 05:13:02.536 13246 13246 D LifecycleMonitor: Lifecycle status change: com.example.dogglers.GridListActivity@32e74c8 in: PAUSED
06-25 05:13:02.536 13246 13246 V ActivityScenario: Update currentActivityStage to PAUSED, currentActivity=com.example.dogglers.GridListActivity@32e74c8
06-25 05:13:02.544 13246 13246 D LifecycleMonitor: Lifecycle status change: androidx.test.core.app.InstrumentationActivityInvoker$EmptyActivity@20585c in: PRE_ON_CREATE
06-25 05:13:02.545 13246 13246 V ActivityScenario: Activity lifecycle changed event received but ignored because the intent does not match. startActivityIntent=Intent { act=android.intent.action.MAIN cat=[android.intent.category.LAUNCHER] cmp=com.example.dogglers/.GridListActivity }, activity.getIntent()=Intent { act=android.intent.action.MAIN cat=[android.intent.category.LAUNCHER] flg=0x10000000 cmp=com.example.dogglers/androidx.test.core.app.InstrumentationActivityInvoker$EmptyActivity }, activity=androidx.test.core.app.InstrumentationActivityInvoker$EmptyActivity@20585c
06-25 05:13:02.554 13246 13246 D LifecycleMonitor: Lifecycle status change: androidx.test.core.app.InstrumentationActivityInvoker$EmptyActivity@20585c in: CREATED
06-25 05:13:02.554 13246 13246 V ActivityScenario: Activity lifecycle changed event received but ignored because the intent does not match. startActivityIntent=Intent { act=android.intent.action.MAIN cat=[android.intent.category.LAUNCHER] cmp=com.example.dogglers/.GridListActivity }, activity.getIntent()=Intent { act=android.intent.action.MAIN cat=[android.intent.category.LAUNCHER] flg=0x10000000 cmp=com.example.dogglers/androidx.test.core.app.InstrumentationActivityInvoker$EmptyActivity }, activity=androidx.test.core.app.InstrumentationActivityInvoker$EmptyActivity@20585c
06-25 05:13:02.556 13246 13246 D LifecycleMonitor: Lifecycle status change: androidx.test.core.app.InstrumentationActivityInvoker$EmptyActivity@20585c in: STARTED
06-25 05:13:02.556 13246 13246 V ActivityScenario: Activity lifecycle changed event received but ignored because the intent does not match. startActivityIntent=Intent { act=android.intent.action.MAIN cat=[android.intent.category.LAUNCHER] cmp=com.example.dogglers/.GridListActivity }, activity.getIntent()=Intent { act=android.intent.action.MAIN cat=[android.intent.category.LAUNCHER] flg=0x10000000 cmp=com.example.dogglers/androidx.test.core.app.InstrumentationActivityInvoker$EmptyActivity }, activity=androidx.test.core.app.InstrumentationActivityInvoker$EmptyActivity@20585c
06-25 05:13:02.558 13246 13246 D LifecycleMonitor: Lifecycle status change: androidx.test.core.app.InstrumentationActivityInvoker$EmptyActivity@20585c in: RESUMED
06-25 05:13:02.558 13246 13246 V ActivityScenario: Activity lifecycle changed event received but ignored because the intent does not match. startActivityIntent=Intent { act=android.intent.action.MAIN cat=[android.intent.category.LAUNCHER] cmp=com.example.dogglers/.GridListActivity }, activity.getIntent()=Intent { act=android.intent.action.MAIN cat=[android.intent.category.LAUNCHER] flg=0x10000000 cmp=com.example.dogglers/androidx.test.core.app.InstrumentationActivityInvoker$EmptyActivity }, activity=androidx.test.core.app.InstrumentationActivityInvoker$EmptyActivity@20585c
06-25 05:13:02.580   687  2116 W InputManager-JNI: Input channel object 'd8efa05 Splash Screen com.example.dogglers (client)' was disposed without first being removed with the input manager!
06-25 05:13:02.581   417   575 W TransactionTracing: Could not find layer id -1
06-25 05:13:02.581   417   575 W TransactionTracing: Could not find layer id -1
06-25 05:13:02.581   417   575 W TransactionTracing: Could not find layer id -1
06-25 05:13:02.581   417   575 W TransactionTracing: Could not find layer id -1
06-25 05:13:02.591 13246 13276 W Parcel  : Expecting binder but got null!
06-25 05:13:02.595   687   726 I ActivityTaskManager: Displayed com.example.dogglers/androidx.test.core.app.InstrumentationActivityInvoker$EmptyActivity: +68ms
06-25 05:13:02.614   417   575 W TransactionTracing: Could not find layer id -1
06-25 05:13:02.615   417   575 W TransactionTracing: Could not find layer id -1
06-25 05:13:02.615   417   575 W TransactionTracing: Could not find layer id -1
06-25 05:13:02.622 13246 13246 D LifecycleMonitor: Lifecycle status change: com.example.dogglers.GridListActivity@32e74c8 in: STOPPED
06-25 05:13:02.623 13246 13246 V ActivityScenario: Update currentActivityStage to STOPPED, currentActivity=com.example.dogglers.GridListActivity@32e74c8
06-25 05:13:02.625 13246 13246 D LifecycleMonitor: Lifecycle status change: com.example.dogglers.GridListActivity@32e74c8 in: DESTROYED
06-25 05:13:02.625 13246 13246 V ActivityScenario: Update currentActivityStage to DESTROYED, currentActivity=null
06-25 05:13:02.633   687  2116 W InputManager-JNI: Input channel object '9fa2462 com.example.dogglers/com.example.dogglers.GridListActivity (client)' was disposed without first being removed with the input manager!
06-25 05:13:02.644 13246 13246 D LifecycleMonitor: Lifecycle status change: androidx.test.core.app.InstrumentationActivityInvoker$EmptyActivity@20585c in: PAUSED
06-25 05:13:02.644 13246 13246 V ActivityScenario: Activity lifecycle changed event received but ignored because the intent does not match. startActivityIntent=Intent { act=android.intent.action.MAIN cat=[android.intent.category.LAUNCHER] cmp=com.example.dogglers/.GridListActivity }, activity.getIntent()=Intent { act=android.intent.action.MAIN cat=[android.intent.category.LAUNCHER] flg=0x10000000 cmp=com.example.dogglers/androidx.test.core.app.InstrumentationActivityInvoker$EmptyActivity }, activity=androidx.test.core.app.InstrumentationActivityInvoker$EmptyActivity@20585c
06-25 05:13:02.647   417   575 W TransactionTracing: Could not find layer handle 0x7d4c9af22d50
06-25 05:13:02.648   417   575 W TransactionTracing: Could not find layer handle 0x7d4c9af27fd0
06-25 05:13:02.649   417   575 W TransactionTracing: Could not find layer handle 0x7d4c9af23350
06-25 05:13:02.649   417   575 W TransactionTracing: Could not find layer id -1
06-25 05:13:02.649   417   575 W TransactionTracing: Could not find layer id -1
06-25 05:13:02.659  3086  3086 I GoogleInputMethodService: GoogleInputMethodService.onFinishInput():3220
06-25 05:13:02.660  3086  3086 I GoogleInputMethodService: GoogleInputMethodService.updateDeviceLockedStatus():2114 repeatCheckTimes = 0, unlocked = true
06-25 05:13:02.660  3086  3086 I GoogleInputMethodService: GoogleInputMethodService.onStartInput():1919 onStartInput(EditorInfo{inputType=0x0(NULL) imeOptions=0x0 privateImeOptions=null actionName=UNSPECIFIED actionLabel=null actionId=0 initialSelStart=-1 initialSelEnd=-1 initialCapsMode=0x0 hintText=null label=null packageName=com.example.dogglers fieldId=-1 fieldName=null extras=null}, false)
06-25 05:13:02.661  3086  3086 I GoogleInputMethodService: GoogleInputMethodService.updateDeviceLockedStatus():2114 repeatCheckTimes = 2, unlocked = true
06-25 05:13:02.663 13246 13246 D LifecycleMonitor: Lifecycle status change: androidx.test.core.app.InstrumentationActivityInvoker$BootstrapActivity@dde2562 in: DESTROYED
06-25 05:13:02.665   417   575 W TransactionTracing: Could not find layer handle 0x7d4c9af228d0
06-25 05:13:02.666 13246 13246 V ActivityScenario: Activity lifecycle changed event received but ignored because the intent does not match. startActivityIntent=Intent { act=android.intent.action.MAIN cat=[android.intent.category.LAUNCHER] cmp=com.example.dogglers/.GridListActivity }, activity.getIntent()=Intent { act=android.intent.action.MAIN cat=[android.intent.category.LAUNCHER] flg=0x10008000 cmp=com.example.dogglers/androidx.test.core.app.InstrumentationActivityInvoker$BootstrapActivity (has extras) }, activity=androidx.test.core.app.InstrumentationActivityInvoker$BootstrapActivity@dde2562
06-25 05:13:02.673 13246 13246 D LifecycleMonitor: Lifecycle status change: androidx.test.core.app.InstrumentationActivityInvoker$EmptyActivity@b8863d5 in: PRE_ON_CREATE
06-25 05:13:02.673 13246 13246 V ActivityScenario: Activity lifecycle changed event received but ignored because the intent does not match. startActivityIntent=Intent { act=android.intent.action.MAIN cat=[android.intent.category.LAUNCHER] cmp=com.example.dogglers/.GridListActivity }, activity.getIntent()=Intent { act=android.intent.action.MAIN cat=[android.intent.category.LAUNCHER] flg=0x10000000 cmp=com.example.dogglers/androidx.test.core.app.InstrumentationActivityInvoker$EmptyActivity }, activity=androidx.test.core.app.InstrumentationActivityInvoker$EmptyActivity@b8863d5
06-25 05:13:02.679 13246 13246 D LifecycleMonitor: Lifecycle status change: androidx.test.core.app.InstrumentationActivityInvoker$EmptyActivity@b8863d5 in: CREATED
06-25 05:13:02.680   417   575 W TransactionTracing: Could not find layer handle 0x7d4c9af25bd0
06-25 05:13:02.681 13246 13246 V ActivityScenario: Activity lifecycle changed event received but ignored because the intent does not match. startActivityIntent=Intent { act=android.intent.action.MAIN cat=[android.intent.category.LAUNCHER] cmp=com.example.dogglers/.GridListActivity }, activity.getIntent()=Intent { act=android.intent.action.MAIN cat=[android.intent.category.LAUNCHER] flg=0x10000000 cmp=com.example.dogglers/androidx.test.core.app.InstrumentationActivityInvoker$EmptyActivity }, activity=androidx.test.core.app.InstrumentationActivityInvoker$EmptyActivity@b8863d5
06-25 05:13:02.684 13246 13246 D LifecycleMonitor: Lifecycle status change: androidx.test.core.app.InstrumentationActivityInvoker$EmptyActivity@b8863d5 in: STARTED
06-25 05:13:02.684 13246 13246 V ActivityScenario: Activity lifecycle changed event received but ignored because the intent does not match. startActivityIntent=Intent { act=android.intent.action.MAIN cat=[android.intent.category.LAUNCHER] cmp=com.example.dogglers/.GridListActivity }, activity.getIntent()=Intent { act=android.intent.action.MAIN cat=[android.intent.category.LAUNCHER] flg=0x10000000 cmp=com.example.dogglers/androidx.test.core.app.InstrumentationActivityInvoker$EmptyActivity }, activity=androidx.test.core.app.InstrumentationActivityInvoker$EmptyActivity@b8863d5
06-25 05:13:02.687 13246 13246 D LifecycleMonitor: Lifecycle status change: androidx.test.core.app.InstrumentationActivityInvoker$EmptyActivity@b8863d5 in: RESUMED
06-25 05:13:02.688 13246 13246 V ActivityScenario: Activity lifecycle changed event received but ignored because the intent does not match. startActivityIntent=Intent { act=android.intent.action.MAIN cat=[android.intent.category.LAUNCHER] cmp=com.example.dogglers/.GridListActivity }, activity.getIntent()=Intent { act=android.intent.action.MAIN cat=[android.intent.category.LAUNCHER] flg=0x10000000 cmp=com.example.dogglers/androidx.test.core.app.InstrumentationActivityInvoker$EmptyActivity }, activity=androidx.test.core.app.InstrumentationActivityInvoker$EmptyActivity@b8863d5
06-25 05:13:02.712 13246 13276 W Parcel  : Expecting binder but got null!
06-25 05:13:02.716   417   575 W TransactionTracing: Could not find layer id -1
06-25 05:13:02.716   417   575 W TransactionTracing: Could not find layer id -1
06-25 05:13:02.720   687   726 I ActivityTaskManager: Displayed com.example.dogglers/androidx.test.core.app.InstrumentationActivityInvoker$EmptyActivity: +112ms
06-25 05:13:02.727 13246 13246 D LifecycleMonitor: Lifecycle status change: androidx.test.core.app.InstrumentationActivityInvoker$EmptyActivity@20585c in: STOPPED
06-25 05:13:02.727 13246 13246 V ActivityScenario: Activity lifecycle changed event received but ignored because the intent does not match. startActivityIntent=Intent { act=android.intent.action.MAIN cat=[android.intent.category.LAUNCHER] cmp=com.example.dogglers/.GridListActivity }, activity.getIntent()=Intent { act=android.intent.action.MAIN cat=[android.intent.category.LAUNCHER] flg=0x10000000 cmp=com.example.dogglers/androidx.test.core.app.InstrumentationActivityInvoker$EmptyActivity }, activity=androidx.test.core.app.InstrumentationActivityInvoker$EmptyActivity@20585c
06-25 05:13:02.730   417   575 W TransactionTracing: Could not find layer handle 0x7d4c9af25e10
06-25 05:13:02.730   417   575 W TransactionTracing: Could not find layer handle 0x7d4c9af24df0
06-25 05:13:02.744  3086  3086 I GoogleInputMethodService: GoogleInputMethodService.onFinishInput():3220
06-25 05:13:02.745  3086  3086 I GoogleInputMethodService: GoogleInputMethodService.updateDeviceLockedStatus():2114 repeatCheckTimes = 0, unlocked = true
06-25 05:13:02.745  3086  3086 I GoogleInputMethodService: GoogleInputMethodService.onStartInput():1919 onStartInput(EditorInfo{inputType=0x0(NULL) imeOptions=0x0 privateImeOptions=null actionName=UNSPECIFIED actionLabel=null actionId=0 initialSelStart=-1 initialSelEnd=-1 initialCapsMode=0x0 hintText=null label=null packageName=com.example.dogglers fieldId=-1 fieldName=null extras=null}, false)
06-25 05:13:02.747   417   575 W TransactionTracing: Could not find layer handle 0x7d4c9af1f810
06-25 05:13:02.748   417   575 W TransactionTracing: Could not find layer handle 0x7d4c9af28ab0
06-25 05:13:02.748   417   575 W TransactionTracing: Could not find layer handle 0x7d4c9af290b0
06-25 05:13:02.748   417   575 W TransactionTracing: Could not find layer handle 0x7d4c9af25c90
06-25 05:13:02.748   417   575 W TransactionTracing: Could not find layer handle 0x7d4c9af25c90
06-25 05:13:02.748   417   575 W TransactionTracing: Could not find layer handle 0x7d4c9af290b0
06-25 05:13:02.748   417   575 W TransactionTracing: Could not find layer id -1
06-25 05:13:02.748   417   575 W TransactionTracing: Could not find layer id -1
06-25 05:13:02.749   417   575 W TransactionTracing: Could not find layer id -1
06-25 05:13:02.751  3086  3086 I GoogleInputMethodService: GoogleInputMethodService.updateDeviceLockedStatus():2114 repeatCheckTimes = 2, unlocked = true
06-25 05:13:02.763   417   575 W TransactionTracing: Could not find layer handle 0x7d4c9af26ad0
06-25 05:13:02.802 13246 13246 D LifecycleMonitor: Lifecycle status change: androidx.test.core.app.InstrumentationActivityInvoker$EmptyActivity@20585c in: DESTROYED
06-25 05:13:02.803 13246 13246 V ActivityScenario: Activity lifecycle changed event received but ignored because the intent does not match. startActivityIntent=Intent { act=android.intent.action.MAIN cat=[android.intent.category.LAUNCHER] cmp=com.example.dogglers/.GridListActivity }, activity.getIntent()=Intent { act=android.intent.action.MAIN cat=[android.intent.category.LAUNCHER] flg=0x10000000 cmp=com.example.dogglers/androidx.test.core.app.InstrumentationActivityInvoker$EmptyActivity }, activity=androidx.test.core.app.InstrumentationActivityInvoker$EmptyActivity@20585c
06-25 05:13:02.811   687  2116 W InputManager-JNI: Input channel object '4688d10 com.example.dogglers/androidx.test.core.app.InstrumentationActivityInvoker$EmptyActivity (client)' was disposed without first being removed with the input manager!
06-25 05:13:02.820 13246 13246 D LifecycleMonitor: Lifecycle status change: androidx.test.core.app.InstrumentationActivityInvoker$EmptyActivity@b8863d5 in: PAUSED
06-25 05:13:02.820 13246 13246 V ActivityScenario: Activity lifecycle changed event received but ignored because the intent does not match. startActivityIntent=Intent { act=android.intent.action.MAIN cat=[android.intent.category.LAUNCHER] cmp=com.example.dogglers/.GridListActivity }, activity.getIntent()=Intent { act=android.intent.action.MAIN cat=[android.intent.category.LAUNCHER] flg=0x10000000 cmp=com.example.dogglers/androidx.test.core.app.InstrumentationActivityInvoker$EmptyActivity }, activity=androidx.test.core.app.InstrumentationActivityInvoker$EmptyActivity@b8863d5
06-25 05:13:02.832 13246 13273 I TestRunner: finished: grid_list_content_at_first_position(com.example.dogglers.GridListTests)
